Last login: Mon Apr  5 11:51:11 on ttys001

The default interactive shell is now zsh.
To update your account to use zsh, please run `chsh -s /bin/zsh`.
For more details, please visit https://support.apple.com/kb/HT208050.
users-MacBook-Pro:~ Leslie$ ssh lmarroq@myth.stanford.edu
Password: 
=-=-=-=-=-=-=-=-=-=-=-=-=-=-=-=-=-=-=-=-=-=-=-=-=-=-=-=-=-=-=-=-=-=-=-=-=-=-=-=
 myth57.stanford.edu      
 Ubuntu 20.04 (5.4.0-70-generic)
 8 x Intel(R) Core(TM) i7-7700K CPU @ 4.20GHz, 31.24 GiB RAM, 31.87 GiB swap

 enp0s31f6: 171.64.15.26
=-=-=-=-=-=-=-=-=-=-=-=-=-=-=-=-=-=-=-=-=-=-=-=-=-=-=-=-=-=-=-=-=-=-=-=-=-=-=-=
   -> For help with your SUNetID, AFS, or class dirs call 725-HELP, or visit
      http://helpsu.stanford.edu 
   -> For problems with hardware or local/OS software, visit
      http://support.cs.stanford.edu 
   -> With the exception of certain course related mail, the myths cannot
      be used to send or receive email 
   -> The myths are not for CPU-intensive workloads. For alternative
      computers see http://farmshare.stanford.edu 
   -> The new myths are: myth51 - 66 

lmarroq@myth57:~$ cd private/cs110/assignments/assign1/
lmarroq@myth57:~/private/cs110/assignments/assign1$ emacs search.cc





























lmarroq@myth56:~/private/cs110/assignments/assign1$ ls
imdb.cc  imdb.h  imdbtest     imdbtest.d  imdb-utils.h	Makefile  path.d  path.o   search     search.d	tools
imdb.d	 imdb.o  imdbtest.cc  imdbtest.o  libsearch.a	path.cc   path.h  samples  search.cc  search.o
lmarroq@myth56:~/private/cs110/assignments/assign1$ emacs path.cc
lmarroq@myth56:~/private/cs110/assignments/assign1$ emacs search.cc
lmarroq@myth56:~/private/cs110/assignments/assign1$ make
/usr/bin/g++ -g -Wall -pedantic -Wno-vla -O0 -std=c++0x -MMD -MF search.d  -I/afs/ir/class/cs110/local/include   -c -o search.o search.cc
search.cc: In function ‘void bfs(imdb&, std::string, std::string)’:
search.cc:36:32: error: no matching function for call to ‘std::set<std::__cxx11::basic_string<char> >::find()’
   36 |             if (filmsSeen.find() == filmsSeen.end()) {
      |                                ^
In file included from /usr/include/c++/9/set:61,
                 from search.cc:4:
/usr/include/c++/9/bits/stl_set.h:794:7: note: candidate: ‘std::set<_Key, _Compare, _Alloc>::iterator std::set<_Key, _Compare, _Alloc>::find(const key_type&) [with _Key = std::__cxx11::basic_string<char>; _Compare = std::less<std::__cxx11::basic_string<char> >; _Alloc = std::allocator<std::__cxx11::basic_string<char> >; std::set<_Key, _Compare, _Alloc>::iterator = std::_Rb_tree_const_iterator<std::__cxx11::basic_string<char> >; std::set<_Key, _Compare, _Alloc>::key_type = std::__cxx11::basic_string<char>]’
  794 |       find(const key_type& __x)
      |       ^~~~
/usr/include/c++/9/bits/stl_set.h:794:7: note:   candidate expects 1 argument, 0 provided
/usr/include/c++/9/bits/stl_set.h:798:7: note: candidate: ‘std::set<_Key, _Compare, _Alloc>::const_iterator std::set<_Key, _Compare, _Alloc>::find(const key_type&) const [with _Key = std::__cxx11::basic_string<char>; _Compare = std::less<std::__cxx11::basic_string<char> >; _Alloc = std::allocator<std::__cxx11::basic_string<char> >; std::set<_Key, _Compare, _Alloc>::const_iterator = std::_Rb_tree_const_iterator<std::__cxx11::basic_string<char> >; std::set<_Key, _Compare, _Alloc>::key_type = std::__cxx11::basic_string<char>]’
  798 |       find(const key_type& __x) const
      |       ^~~~
/usr/include/c++/9/bits/stl_set.h:798:7: note:   candidate expects 1 argument, 0 provided
search.cc:38:41: error: no matching function for call to ‘std::set<std::__cxx11::basic_string<char> >::find()’
   38 |                     if (actorsSeen.find() == actorsSeen.end()) {
      |                                         ^
In file included from /usr/include/c++/9/set:61,
                 from search.cc:4:
/usr/include/c++/9/bits/stl_set.h:794:7: note: candidate: ‘std::set<_Key, _Compare, _Alloc>::iterator std::set<_Key, _Compare, _Alloc>::find(const key_type&) [with _Key = std::__cxx11::basic_string<char>; _Compare = std::less<std::__cxx11::basic_string<char> >; _Alloc = std::allocator<std::__cxx11::basic_string<char> >; std::set<_Key, _Compare, _Alloc>::iterator = std::_Rb_tree_const_iterator<std::__cxx11::basic_string<char> >; std::set<_Key, _Compare, _Alloc>::key_type = std::__cxx11::basic_string<char>]’
  794 |       find(const key_type& __x)
      |       ^~~~
/usr/include/c++/9/bits/stl_set.h:794:7: note:   candidate expects 1 argument, 0 provided
/usr/include/c++/9/bits/stl_set.h:798:7: note: candidate: ‘std::set<_Key, _Compare, _Alloc>::const_iterator std::set<_Key, _Compare, _Alloc>::find(const key_type&) const [with _Key = std::__cxx11::basic_string<char>; _Compare = std::less<std::__cxx11::basic_string<char> >; _Alloc = std::allocator<std::__cxx11::basic_string<char> >; std::set<_Key, _Compare, _Alloc>::const_iterator = std::_Rb_tree_const_iterator<std::__cxx11::basic_string<char> >; std::set<_Key, _Compare, _Alloc>::key_type = std::__cxx11::basic_string<char>]’
  798 |       find(const key_type& __x) const
      |       ^~~~
/usr/include/c++/9/bits/stl_set.h:798:7: note:   candidate expects 1 argument, 0 provided
search.cc:45:51: error: no matching function for call to ‘std::set<std::__cxx11::basic_string<char> >::insert(film&)’
   45 |                         filmsSeen.insert(currMovie);
      |                                                   ^
In file included from /usr/include/c++/9/set:61,
                 from search.cc:4:
/usr/include/c++/9/bits/stl_set.h:509:7: note: candidate: ‘std::pair<typename std::_Rb_tree<_Key, _Key, std::_Identity<_Tp>, _Compare, typename __gnu_cxx::__alloc_traits<_Alloc>::rebind<_Key>::other>::const_iterator, bool> std::set<_Key, _Compare, _Alloc>::insert(const value_type&) [with _Key = std::__cxx11::basic_string<char>; _Compare = std::less<std::__cxx11::basic_string<char> >; _Alloc = std::allocator<std::__cxx11::basic_string<char> >; typename std::_Rb_tree<_Key, _Key, std::_Identity<_Tp>, _Compare, typename __gnu_cxx::__alloc_traits<_Alloc>::rebind<_Key>::other>::const_iterator = std::_Rb_tree_const_iterator<std::__cxx11::basic_string<char> >; std::set<_Key, _Compare, _Alloc>::value_type = std::__cxx11::basic_string<char>]’
  509 |       insert(const value_type& __x)
      |       ^~~~~~
/usr/include/c++/9/bits/stl_set.h:509:32: note:   no known conversion for argument 1 from ‘film’ to ‘const value_type&’ {aka ‘const std::__cxx11::basic_string<char>&’}
  509 |       insert(const value_type& __x)
      |              ~~~~~~~~~~~~~~~~~~^~~
/usr/include/c++/9/bits/stl_set.h:518:7: note: candidate: ‘std::pair<typename std::_Rb_tree<_Key, _Key, std::_Identity<_Tp>, _Compare, typename __gnu_cxx::__alloc_traits<_Alloc>::rebind<_Key>::other>::const_iterator, bool> std::set<_Key, _Compare, _Alloc>::insert(std::set<_Key, _Compare, _Alloc>::value_type&&) [with _Key = std::__cxx11::basic_string<char>; _Compare = std::less<std::__cxx11::basic_string<char> >; _Alloc = std::allocator<std::__cxx11::basic_string<char> >; typename std::_Rb_tree<_Key, _Key, std::_Identity<_Tp>, _Compare, typename __gnu_cxx::__alloc_traits<_Alloc>::rebind<_Key>::other>::const_iterator = std::_Rb_tree_const_iterator<std::__cxx11::basic_string<char> >; std::set<_Key, _Compare, _Alloc>::value_type = std::__cxx11::basic_string<char>]’
  518 |       insert(value_type&& __x)
      |       ^~~~~~
/usr/include/c++/9/bits/stl_set.h:518:27: note:   no known conversion for argument 1 from ‘film’ to ‘std::set<std::__cxx11::basic_string<char> >::value_type&&’ {aka ‘std::__cxx11::basic_string<char>&&’}
  518 |       insert(value_type&& __x)
      |              ~~~~~~~~~~~~~^~~
/usr/include/c++/9/bits/stl_set.h:546:7: note: candidate: ‘std::set<_Key, _Compare, _Alloc>::iterator std::set<_Key, _Compare, _Alloc>::insert(std::set<_Key, _Compare, _Alloc>::const_iterator, const value_type&) [with _Key = std::__cxx11::basic_string<char>; _Compare = std::less<std::__cxx11::basic_string<char> >; _Alloc = std::allocator<std::__cxx11::basic_string<char> >; std::set<_Key, _Compare, _Alloc>::iterator = std::_Rb_tree_const_iterator<std::__cxx11::basic_string<char> >; std::set<_Key, _Compare, _Alloc>::const_iterator = std::_Rb_tree_const_iterator<std::__cxx11::basic_string<char> >; std::set<_Key, _Compare, _Alloc>::value_type = std::__cxx11::basic_string<char>]’
  546 |       insert(const_iterator __position, const value_type& __x)
      |       ^~~~~~
/usr/include/c++/9/bits/stl_set.h:546:7: note:   candidate expects 2 arguments, 1 provided
/usr/include/c++/9/bits/stl_set.h:551:7: note: candidate: ‘std::set<_Key, _Compare, _Alloc>::iterator std::set<_Key, _Compare, _Alloc>::insert(std::set<_Key, _Compare, _Alloc>::const_iterator, std::set<_Key, _Compare, _Alloc>::value_type&&) [with _Key = std::__cxx11::basic_string<char>; _Compare = std::less<std::__cxx11::basic_string<char> >; _Alloc = std::allocator<std::__cxx11::basic_string<char> >; std::set<_Key, _Compare, _Alloc>::iterator = std::_Rb_tree_const_iterator<std::__cxx11::basic_string<char> >; std::set<_Key, _Compare, _Alloc>::const_iterator = std::_Rb_tree_const_iterator<std::__cxx11::basic_string<char> >; std::set<_Key, _Compare, _Alloc>::value_type = std::__cxx11::basic_string<char>]’
  551 |       insert(const_iterator __position, value_type&& __x)
      |       ^~~~~~
/usr/include/c++/9/bits/stl_set.h:551:7: note:   candidate expects 2 arguments, 1 provided
/usr/include/c++/9/bits/stl_set.h:566:2: note: candidate: ‘template<class _InputIterator> void std::set<_Key, _Compare, _Alloc>::insert(_InputIterator, _InputIterator) [with _InputIterator = _InputIterator; _Key = std::__cxx11::basic_string<char>; _Compare = std::less<std::__cxx11::basic_string<char> >; _Alloc = std::allocator<std::__cxx11::basic_string<char> >]’
  566 |  insert(_InputIterator __first, _InputIterator __last)
      |  ^~~~~~
/usr/include/c++/9/bits/stl_set.h:566:2: note:   template argument deduction/substitution failed:
search.cc:45:51: note:   candidate expects 2 arguments, 1 provided
   45 |                         filmsSeen.insert(currMovie);
      |                                                   ^
In file included from /usr/include/c++/9/set:61,
                 from search.cc:4:
/usr/include/c++/9/bits/stl_set.h:578:7: note: candidate: ‘void std::set<_Key, _Compare, _Alloc>::insert(std::initializer_list<_Tp>) [with _Key = std::__cxx11::basic_string<char>; _Compare = std::less<std::__cxx11::basic_string<char> >; _Alloc = std::allocator<std::__cxx11::basic_string<char> >]’
  578 |       insert(initializer_list<value_type> __l)
      |       ^~~~~~
/usr/include/c++/9/bits/stl_set.h:578:43: note:   no known conversion for argument 1 from ‘film’ to ‘std::initializer_list<std::__cxx11::basic_string<char> >’
  578 |       insert(initializer_list<value_type> __l)
      |              ~~~~~~~~~~~~~~~~~~~~~~~~~~~~~^~~
search.cc:47:37: error: ‘class path’ has no member named ‘removeLastConnection’
   47 |                         pathEntries.removeLastConnection();
      |                                     ^~~~~~~~~~~~~~~~~~~~
search.cc: At global scope:
search.cc:19:13: warning: ‘void bfs(imdb&, std::string, std::string)’ defined but not used [-Wunused-function]
   19 | static void bfs(imdb& db, string source, string target) {
      |             ^~~
make: *** [<builtin>: search.o] Error 1
lmarroq@myth56:~/private/cs110/assignments/assign1$ emacs path.cc
lmarroq@myth56:~/private/cs110/assignments/assign1$ emacs search.cc
lmarroq@myth56:~/private/cs110/assignments/assign1$ make
/usr/bin/g++ -g -Wall -pedantic -Wno-vla -O0 -std=c++0x -MMD -MF search.d  -I/afs/ir/class/cs110/local/include   -c -o search.o search.cc
search.cc: In function ‘void bfs(imdb&, std::string, std::string)’:
search.cc:36:41: error: no matching function for call to ‘std::set<std::__cxx11::basic_string<char> >::find(film&)’
   36 |             if (filmsSeen.find(currMovie) == filmsSeen.end()) {
      |                                         ^
In file included from /usr/include/c++/9/set:61,
                 from search.cc:4:
/usr/include/c++/9/bits/stl_set.h:794:7: note: candidate: ‘std::set<_Key, _Compare, _Alloc>::iterator std::set<_Key, _Compare, _Alloc>::find(const key_type&) [with _Key = std::__cxx11::basic_string<char>; _Compare = std::less<std::__cxx11::basic_string<char> >; _Alloc = std::allocator<std::__cxx11::basic_string<char> >; std::set<_Key, _Compare, _Alloc>::iterator = std::_Rb_tree_const_iterator<std::__cxx11::basic_string<char> >; std::set<_Key, _Compare, _Alloc>::key_type = std::__cxx11::basic_string<char>]’
  794 |       find(const key_type& __x)
      |       ^~~~
/usr/include/c++/9/bits/stl_set.h:794:28: note:   no known conversion for argument 1 from ‘film’ to ‘const key_type&’ {aka ‘const std::__cxx11::basic_string<char>&’}
  794 |       find(const key_type& __x)
      |            ~~~~~~~~~~~~~~~~^~~
/usr/include/c++/9/bits/stl_set.h:798:7: note: candidate: ‘std::set<_Key, _Compare, _Alloc>::const_iterator std::set<_Key, _Compare, _Alloc>::find(const key_type&) const [with _Key = std::__cxx11::basic_string<char>; _Compare = std::less<std::__cxx11::basic_string<char> >; _Alloc = std::allocator<std::__cxx11::basic_string<char> >; std::set<_Key, _Compare, _Alloc>::const_iterator = std::_Rb_tree_const_iterator<std::__cxx11::basic_string<char> >; std::set<_Key, _Compare, _Alloc>::key_type = std::__cxx11::basic_string<char>]’
  798 |       find(const key_type& __x) const
      |       ^~~~
/usr/include/c++/9/bits/stl_set.h:798:28: note:   no known conversion for argument 1 from ‘film’ to ‘const key_type&’ {aka ‘const std::__cxx11::basic_string<char>&’}
  798 |       find(const key_type& __x) const
      |            ~~~~~~~~~~~~~~~~^~~
search.cc:45:51: error: no matching function for call to ‘std::set<std::__cxx11::basic_string<char> >::insert(film&)’
   45 |                         filmsSeen.insert(currMovie);
      |                                                   ^
In file included from /usr/include/c++/9/set:61,
                 from search.cc:4:
/usr/include/c++/9/bits/stl_set.h:509:7: note: candidate: ‘std::pair<typename std::_Rb_tree<_Key, _Key, std::_Identity<_Tp>, _Compare, typename __gnu_cxx::__alloc_traits<_Alloc>::rebind<_Key>::other>::const_iterator, bool> std::set<_Key, _Compare, _Alloc>::insert(const value_type&) [with _Key = std::__cxx11::basic_string<char>; _Compare = std::less<std::__cxx11::basic_string<char> >; _Alloc = std::allocator<std::__cxx11::basic_string<char> >; typename std::_Rb_tree<_Key, _Key, std::_Identity<_Tp>, _Compare, typename __gnu_cxx::__alloc_traits<_Alloc>::rebind<_Key>::other>::const_iterator = std::_Rb_tree_const_iterator<std::__cxx11::basic_string<char> >; std::set<_Key, _Compare, _Alloc>::value_type = std::__cxx11::basic_string<char>]’
  509 |       insert(const value_type& __x)
      |       ^~~~~~
/usr/include/c++/9/bits/stl_set.h:509:32: note:   no known conversion for argument 1 from ‘film’ to ‘const value_type&’ {aka ‘const std::__cxx11::basic_string<char>&’}
  509 |       insert(const value_type& __x)
      |              ~~~~~~~~~~~~~~~~~~^~~
/usr/include/c++/9/bits/stl_set.h:518:7: note: candidate: ‘std::pair<typename std::_Rb_tree<_Key, _Key, std::_Identity<_Tp>, _Compare, typename __gnu_cxx::__alloc_traits<_Alloc>::rebind<_Key>::other>::const_iterator, bool> std::set<_Key, _Compare, _Alloc>::insert(std::set<_Key, _Compare, _Alloc>::value_type&&) [with _Key = std::__cxx11::basic_string<char>; _Compare = std::less<std::__cxx11::basic_string<char> >; _Alloc = std::allocator<std::__cxx11::basic_string<char> >; typename std::_Rb_tree<_Key, _Key, std::_Identity<_Tp>, _Compare, typename __gnu_cxx::__alloc_traits<_Alloc>::rebind<_Key>::other>::const_iterator = std::_Rb_tree_const_iterator<std::__cxx11::basic_string<char> >; std::set<_Key, _Compare, _Alloc>::value_type = std::__cxx11::basic_string<char>]’
  518 |       insert(value_type&& __x)
      |       ^~~~~~
/usr/include/c++/9/bits/stl_set.h:518:27: note:   no known conversion for argument 1 from ‘film’ to ‘std::set<std::__cxx11::basic_string<char> >::value_type&&’ {aka ‘std::__cxx11::basic_string<char>&&’}
  518 |       insert(value_type&& __x)
      |              ~~~~~~~~~~~~~^~~
/usr/include/c++/9/bits/stl_set.h:546:7: note: candidate: ‘std::set<_Key, _Compare, _Alloc>::iterator std::set<_Key, _Compare, _Alloc>::insert(std::set<_Key, _Compare, _Alloc>::const_iterator, const value_type&) [with _Key = std::__cxx11::basic_string<char>; _Compare = std::less<std::__cxx11::basic_string<char> >; _Alloc = std::allocator<std::__cxx11::basic_string<char> >; std::set<_Key, _Compare, _Alloc>::iterator = std::_Rb_tree_const_iterator<std::__cxx11::basic_string<char> >; std::set<_Key, _Compare, _Alloc>::const_iterator = std::_Rb_tree_const_iterator<std::__cxx11::basic_string<char> >; std::set<_Key, _Compare, _Alloc>::value_type = std::__cxx11::basic_string<char>]’
  546 |       insert(const_iterator __position, const value_type& __x)
      |       ^~~~~~
/usr/include/c++/9/bits/stl_set.h:546:7: note:   candidate expects 2 arguments, 1 provided
/usr/include/c++/9/bits/stl_set.h:551:7: note: candidate: ‘std::set<_Key, _Compare, _Alloc>::iterator std::set<_Key, _Compare, _Alloc>::insert(std::set<_Key, _Compare, _Alloc>::const_iterator, std::set<_Key, _Compare, _Alloc>::value_type&&) [with _Key = std::__cxx11::basic_string<char>; _Compare = std::less<std::__cxx11::basic_string<char> >; _Alloc = std::allocator<std::__cxx11::basic_string<char> >; std::set<_Key, _Compare, _Alloc>::iterator = std::_Rb_tree_const_iterator<std::__cxx11::basic_string<char> >; std::set<_Key, _Compare, _Alloc>::const_iterator = std::_Rb_tree_const_iterator<std::__cxx11::basic_string<char> >; std::set<_Key, _Compare, _Alloc>::value_type = std::__cxx11::basic_string<char>]’
  551 |       insert(const_iterator __position, value_type&& __x)
      |       ^~~~~~
/usr/include/c++/9/bits/stl_set.h:551:7: note:   candidate expects 2 arguments, 1 provided
/usr/include/c++/9/bits/stl_set.h:566:2: note: candidate: ‘template<class _InputIterator> void std::set<_Key, _Compare, _Alloc>::insert(_InputIterator, _InputIterator) [with _InputIterator = _InputIterator; _Key = std::__cxx11::basic_string<char>; _Compare = std::less<std::__cxx11::basic_string<char> >; _Alloc = std::allocator<std::__cxx11::basic_string<char> >]’
  566 |  insert(_InputIterator __first, _InputIterator __last)
      |  ^~~~~~
/usr/include/c++/9/bits/stl_set.h:566:2: note:   template argument deduction/substitution failed:
search.cc:45:51: note:   candidate expects 2 arguments, 1 provided
   45 |                         filmsSeen.insert(currMovie);
      |                                                   ^
In file included from /usr/include/c++/9/set:61,
                 from search.cc:4:
/usr/include/c++/9/bits/stl_set.h:578:7: note: candidate: ‘void std::set<_Key, _Compare, _Alloc>::insert(std::initializer_list<_Tp>) [with _Key = std::__cxx11::basic_string<char>; _Compare = std::less<std::__cxx11::basic_string<char> >; _Alloc = std::allocator<std::__cxx11::basic_string<char> >]’
  578 |       insert(initializer_list<value_type> __l)
      |       ^~~~~~
/usr/include/c++/9/bits/stl_set.h:578:43: note:   no known conversion for argument 1 from ‘film’ to ‘std::initializer_list<std::__cxx11::basic_string<char> >’
  578 |       insert(initializer_list<value_type> __l)
      |              ~~~~~~~~~~~~~~~~~~~~~~~~~~~~~^~~
search.cc: At global scope:
search.cc:19:13: warning: ‘void bfs(imdb&, std::string, std::string)’ defined but not used [-Wunused-function]
   19 | static void bfs(imdb& db, string source, string target) {
      |             ^~~
make: *** [<builtin>: search.o] Error 1
lmarroq@myth56:~/private/cs110/assignments/assign1$ emacs search.cc
lmarroq@myth56:~/private/cs110/assignments/assign1$ make
/usr/bin/g++ -g -Wall -pedantic -Wno-vla -O0 -std=c++0x -MMD -MF search.d  -I/afs/ir/class/cs110/local/include   -c -o search.o search.cc
search.cc: In function ‘void bfs(imdb&, std::string, std::string)’:
search.cc:36:41: error: no matching function for call to ‘std::set<std::__cxx11::basic_string<char> >::find(film&)’
   36 |             if (filmsSeen.find(currMovie) == filmsSeen.end()) {
      |                                         ^
In file included from /usr/include/c++/9/set:61,
                 from search.cc:4:
/usr/include/c++/9/bits/stl_set.h:794:7: note: candidate: ‘std::set<_Key, _Compare, _Alloc>::iterator std::set<_Key, _Compare, _Alloc>::find(const key_type&) [with _Key = std::__cxx11::basic_string<char>; _Compare = std::less<std::__cxx11::basic_string<char> >; _Alloc = std::allocator<std::__cxx11::basic_string<char> >; std::set<_Key, _Compare, _Alloc>::iterator = std::_Rb_tree_const_iterator<std::__cxx11::basic_string<char> >; std::set<_Key, _Compare, _Alloc>::key_type = std::__cxx11::basic_string<char>]’
  794 |       find(const key_type& __x)
      |       ^~~~
/usr/include/c++/9/bits/stl_set.h:794:28: note:   no known conversion for argument 1 from ‘film’ to ‘const key_type&’ {aka ‘const std::__cxx11::basic_string<char>&’}
  794 |       find(const key_type& __x)
      |            ~~~~~~~~~~~~~~~~^~~
/usr/include/c++/9/bits/stl_set.h:798:7: note: candidate: ‘std::set<_Key, _Compare, _Alloc>::const_iterator std::set<_Key, _Compare, _Alloc>::find(const key_type&) const [with _Key = std::__cxx11::basic_string<char>; _Compare = std::less<std::__cxx11::basic_string<char> >; _Alloc = std::allocator<std::__cxx11::basic_string<char> >; std::set<_Key, _Compare, _Alloc>::const_iterator = std::_Rb_tree_const_iterator<std::__cxx11::basic_string<char> >; std::set<_Key, _Compare, _Alloc>::key_type = std::__cxx11::basic_string<char>]’
  798 |       find(const key_type& __x) const
      |       ^~~~
/usr/include/c++/9/bits/stl_set.h:798:28: note:   no known conversion for argument 1 from ‘film’ to ‘const key_type&’ {aka ‘const std::__cxx11::basic_string<char>&’}
  798 |       find(const key_type& __x) const
      |            ~~~~~~~~~~~~~~~~^~~
search.cc:45:51: error: no matching function for call to ‘std::set<std::__cxx11::basic_string<char> >::insert(film&)’
   45 |                         filmsSeen.insert(currMovie);
      |                                                   ^
In file included from /usr/include/c++/9/set:61,
                 from search.cc:4:
/usr/include/c++/9/bits/stl_set.h:509:7: note: candidate: ‘std::pair<typename std::_Rb_tree<_Key, _Key, std::_Identity<_Tp>, _Compare, typename __gnu_cxx::__alloc_traits<_Alloc>::rebind<_Key>::other>::const_iterator, bool> std::set<_Key, _Compare, _Alloc>::insert(const value_type&) [with _Key = std::__cxx11::basic_string<char>; _Compare = std::less<std::__cxx11::basic_string<char> >; _Alloc = std::allocator<std::__cxx11::basic_string<char> >; typename std::_Rb_tree<_Key, _Key, std::_Identity<_Tp>, _Compare, typename __gnu_cxx::__alloc_traits<_Alloc>::rebind<_Key>::other>::const_iterator = std::_Rb_tree_const_iterator<std::__cxx11::basic_string<char> >; std::set<_Key, _Compare, _Alloc>::value_type = std::__cxx11::basic_string<char>]’
  509 |       insert(const value_type& __x)
      |       ^~~~~~
/usr/include/c++/9/bits/stl_set.h:509:32: note:   no known conversion for argument 1 from ‘film’ to ‘const value_type&’ {aka ‘const std::__cxx11::basic_string<char>&’}
  509 |       insert(const value_type& __x)
      |              ~~~~~~~~~~~~~~~~~~^~~
/usr/include/c++/9/bits/stl_set.h:518:7: note: candidate: ‘std::pair<typename std::_Rb_tree<_Key, _Key, std::_Identity<_Tp>, _Compare, typename __gnu_cxx::__alloc_traits<_Alloc>::rebind<_Key>::other>::const_iterator, bool> std::set<_Key, _Compare, _Alloc>::insert(std::set<_Key, _Compare, _Alloc>::value_type&&) [with _Key = std::__cxx11::basic_string<char>; _Compare = std::less<std::__cxx11::basic_string<char> >; _Alloc = std::allocator<std::__cxx11::basic_string<char> >; typename std::_Rb_tree<_Key, _Key, std::_Identity<_Tp>, _Compare, typename __gnu_cxx::__alloc_traits<_Alloc>::rebind<_Key>::other>::const_iterator = std::_Rb_tree_const_iterator<std::__cxx11::basic_string<char> >; std::set<_Key, _Compare, _Alloc>::value_type = std::__cxx11::basic_string<char>]’
  518 |       insert(value_type&& __x)
      |       ^~~~~~
/usr/include/c++/9/bits/stl_set.h:518:27: note:   no known conversion for argument 1 from ‘film’ to ‘std::set<std::__cxx11::basic_string<char> >::value_type&&’ {aka ‘std::__cxx11::basic_string<char>&&’}
  518 |       insert(value_type&& __x)
      |              ~~~~~~~~~~~~~^~~
/usr/include/c++/9/bits/stl_set.h:546:7: note: candidate: ‘std::set<_Key, _Compare, _Alloc>::iterator std::set<_Key, _Compare, _Alloc>::insert(std::set<_Key, _Compare, _Alloc>::const_iterator, const value_type&) [with _Key = std::__cxx11::basic_string<char>; _Compare = std::less<std::__cxx11::basic_string<char> >; _Alloc = std::allocator<std::__cxx11::basic_string<char> >; std::set<_Key, _Compare, _Alloc>::iterator = std::_Rb_tree_const_iterator<std::__cxx11::basic_string<char> >; std::set<_Key, _Compare, _Alloc>::const_iterator = std::_Rb_tree_const_iterator<std::__cxx11::basic_string<char> >; std::set<_Key, _Compare, _Alloc>::value_type = std::__cxx11::basic_string<char>]’
  546 |       insert(const_iterator __position, const value_type& __x)
      |       ^~~~~~
/usr/include/c++/9/bits/stl_set.h:546:7: note:   candidate expects 2 arguments, 1 provided
/usr/include/c++/9/bits/stl_set.h:551:7: note: candidate: ‘std::set<_Key, _Compare, _Alloc>::iterator std::set<_Key, _Compare, _Alloc>::insert(std::set<_Key, _Compare, _Alloc>::const_iterator, std::set<_Key, _Compare, _Alloc>::value_type&&) [with _Key = std::__cxx11::basic_string<char>; _Compare = std::less<std::__cxx11::basic_string<char> >; _Alloc = std::allocator<std::__cxx11::basic_string<char> >; std::set<_Key, _Compare, _Alloc>::iterator = std::_Rb_tree_const_iterator<std::__cxx11::basic_string<char> >; std::set<_Key, _Compare, _Alloc>::const_iterator = std::_Rb_tree_const_iterator<std::__cxx11::basic_string<char> >; std::set<_Key, _Compare, _Alloc>::value_type = std::__cxx11::basic_string<char>]’
  551 |       insert(const_iterator __position, value_type&& __x)
      |       ^~~~~~
/usr/include/c++/9/bits/stl_set.h:551:7: note:   candidate expects 2 arguments, 1 provided
/usr/include/c++/9/bits/stl_set.h:566:2: note: candidate: ‘template<class _InputIterator> void std::set<_Key, _Compare, _Alloc>::insert(_InputIterator, _InputIterator) [with _InputIterator = _InputIterator; _Key = std::__cxx11::basic_string<char>; _Compare = std::less<std::__cxx11::basic_string<char> >; _Alloc = std::allocator<std::__cxx11::basic_string<char> >]’
  566 |  insert(_InputIterator __first, _InputIterator __last)
      |  ^~~~~~
/usr/include/c++/9/bits/stl_set.h:566:2: note:   template argument deduction/substitution failed:
search.cc:45:51: note:   candidate expects 2 arguments, 1 provided
   45 |                         filmsSeen.insert(currMovie);
      |                                                   ^
In file included from /usr/include/c++/9/set:61,
                 from search.cc:4:
/usr/include/c++/9/bits/stl_set.h:578:7: note: candidate: ‘void std::set<_Key, _Compare, _Alloc>::insert(std::initializer_list<_Tp>) [with _Key = std::__cxx11::basic_string<char>; _Compare = std::less<std::__cxx11::basic_string<char> >; _Alloc = std::allocator<std::__cxx11::basic_string<char> >]’
  578 |       insert(initializer_list<value_type> __l)
      |       ^~~~~~
/usr/include/c++/9/bits/stl_set.h:578:43: note:   no known conversion for argument 1 from ‘film’ to ‘std::initializer_list<std::__cxx11::basic_string<char> >’
  578 |       insert(initializer_list<value_type> __l)
      |              ~~~~~~~~~~~~~~~~~~~~~~~~~~~~~^~~
make: *** [<builtin>: search.o] Error 1
lmarroq@myth56:~/private/cs110/assignments/assign1$ emacs search.cc
lmarroq@myth56:~/private/cs110/assignments/assign1$ make
/usr/bin/g++ -g -Wall -pedantic -Wno-vla -O0 -std=c++0x -MMD -MF search.d  -I/afs/ir/class/cs110/local/include   -c -o search.o search.cc
/usr/bin/g++ -g -Wall -pedantic -Wno-vla -O0 -std=c++0x -MMD -MF imdb.d  -I/afs/ir/class/cs110/local/include   -c -o imdb.o imdb.cc
rm -f libsearch.a
ar r libsearch.a imdb.o path.o
ar: creating libsearch.a
ranlib libsearch.a
/usr/bin/g++ search.o libsearch.a  -o search
/usr/bin/g++ imdbtest.o libsearch.a  -o imdbtest
lmarroq@myth56:~/private/cs110/assignments/assign1$ tools/sanitycheck
Will run default sanity check for assign1 in current directory .ir.stanford.edu/users/l/m/lmarroq/private/cs110/assignments/assign1.

+++ Test 01-BuildClean on .ir.stanford.edu/users/l/m/lmarroq/private/cs110/assignments/assign1
Descr:   verify project builds cleanly
Command: make clean && make
OK:  Clean build

+++ Test 11-IMDBTest-01 on .ir.stanford.edu/users/l/m/lmarroq/private/cs110/assignments/assign1
Descr:   confirming imdbtest output matches ours exactly for missing actor
Command: ./imdbtest "Bogus Actor"
OK:  Submission output matches sample
Matched output: We're sorry, but Bogus Actor doesn't appear to be in our database.

+++ Test 12-IMDBTest-02 on .ir.stanford.edu/users/l/m/lmarroq/private/cs110/assignments/assign1
Descr:   confirming imdbtest output matches ours exactly for missing actor whose name is a prefix a real name
Command: ./imdbtest "Meryl Stre"
OK:  Submission output matches sample
Matched output: We're sorry, but Meryl Stre doesn't appear to be in our database.

+++ Test 13-IMDBTest-03 on .ir.stanford.edu/users/l/m/lmarroq/private/cs110/assignments/assign1
Descr:   confirming imdbtest output matches ours exactly for actor with name of length 0 modulo 4
Command: ./imdbtest "Meryl Streep"
OK:  Submission output matches sample
Matched output: 

  Meryl Streep has starred in 104 films, and those films are:

    1.) 100 Years (2017)
    2.) A Century of Cinema (1994)
...

+++ Test 14-IMDBTest-04 on .ir.stanford.edu/users/l/m/lmarroq/private/cs110/assignments/assign1
Descr:   confirming imdbtest output matches ours exactly for actor with name of length 1 modulo 4
Command: ./imdbtest "Ewan McGregor"
OK:  Submission output matches sample
Matched output: 

  Ewan McGregor has starred in 86 films, and those films are:

    1.) A Life Less Ordinary (1997)
    2.) A Million Ways to Die in the West (2014)
...

+++ Test 15-IMDBTest-05 on .ir.stanford.edu/users/l/m/lmarroq/private/cs110/assignments/assign1
Descr:   confirming imdbtest output matches ours exactly for actor with name of length 2 modulo 4
Command: ./imdbtest "Dustin Hoffman"
OK:  Submission output matches sample
Matched output: 

  Dustin Hoffman has starred in 97 films, and those films are:

    1.) A Series of Unfortunate Events (2004)
    2.) A Terrible Tragedy: Alarming Evidence from the Making of the Film - Costumes and Other Suspicious Disguises (2004)
...

+++ Test 16-IMDBTest-06 on .ir.stanford.edu/users/l/m/lmarroq/private/cs110/assignments/assign1
Descr:   confirming imdbtest output matches ours exactly for actor with name of length 3 modulo 4
Command: ./imdbtest "Red Buttons"
OK:  Submission output matches sample
Matched output: 

  Red Buttons has starred in 38 films, and those films are:

    1.) 13 Rue Madeleine (1946)
    2.) 18 Again! (1988)
...

+++ Test 21-SixDegree-01 on .ir.stanford.edu/users/l/m/lmarroq/private/cs110/assignments/assign1
Descr:   confirming search finds very obvious paths of length 1 very quickly
Command: ./search "Meryl Streep" "Jack Nicholson (I)"
MISMATCH:  Submission output does not match sample
Sample output:  Meryl Streep was in "<movie>" (<year>) with Jack Nicholson (I). 
Your output:    [Empty path]


+++ Test 22-SixDegree-02 on .ir.stanford.edu/users/l/m/lmarroq/private/cs110/assignments/assign1
Descr:   confirming search finds very obvious paths of length 1 very quickly (regardless of optimal direction)
Command: ./search "Jack Nicholson (I)" "Meryl Streep"
MISMATCH:  Submission output does not match sample
Sample output:  Jack Nicholson (I) was in "<movie>" (<year>) with Meryl Streep. 
Your output:    [Empty path]


+++ Test 23-SixDegree-03 on .ir.stanford.edu/users/l/m/lmarroq/private/cs110/assignments/assign1
Descr:   confirming search finds very obvious paths of length 2 quickly
Command: ./search "Mary Tyler Moore" "Red Buttons"
MISMATCH:  Submission output does not match sample
Sample output:  
Path between two supplied actors is of length 2:
 + Mary Tyler Moore was in "<movie>" (<year>) with <connector>.
 + <connector> was in "<movie>" (<year>) with Red Buttons. 
Your output:    Mary Tyler Moore was in "<movie>" (<year>) with Regis Toomey.


+++ Test 24-SixDegree-05 on .ir.stanford.edu/users/l/m/lmarroq/private/cs110/assignments/assign1
Descr:   confirming search finds paths of length 3 between two obscure actors
Command: ./search "Jerry Cain (I)" "Kevin Bleyer"
NOT OK:  Waited 20 seconds, program did not complete

+++ Test 25-SixDegree-06 on .ir.stanford.edu/users/l/m/lmarroq/private/cs110/assignments/assign1
Descr:   confirming search finds paths of length 4 between two obscure actors
Command: ./search "Danzel Muzingo" "Liseli Mutti"
^X^C
[sanitycheck canceled by user]
lmarroq@myth56:~/private/cs110/assignments/assign1$ emacs search.cc
lmarroq@myth56:~/private/cs110/assignments/assign1$ make
/usr/bin/g++ -g -Wall -pedantic -Wno-vla -O0 -std=c++0x -MMD -MF search.d  -I/afs/ir/class/cs110/local/include   -c -o search.o search.cc
/usr/bin/g++ search.o libsearch.a  -o search
lmarroq@myth56:~/private/cs110/assignments/assign1$ tools/sanitycheck
Will run default sanity check for assign1 in current directory .ir.stanford.edu/users/l/m/lmarroq/private/cs110/assignments/assign1.

+++ Test 01-BuildClean on .ir.stanford.edu/users/l/m/lmarroq/private/cs110/assignments/assign1
Descr:   verify project builds cleanly
Command: make clean && make
OK:  Clean build

+++ Test 11-IMDBTest-01 on .ir.stanford.edu/users/l/m/lmarroq/private/cs110/assignments/assign1
Descr:   confirming imdbtest output matches ours exactly for missing actor
Command: ./imdbtest "Bogus Actor"
OK:  Submission output matches sample
Matched output: We're sorry, but Bogus Actor doesn't appear to be in our database.

+++ Test 12-IMDBTest-02 on .ir.stanford.edu/users/l/m/lmarroq/private/cs110/assignments/assign1
Descr:   confirming imdbtest output matches ours exactly for missing actor whose name is a prefix a real name
Command: ./imdbtest "Meryl Stre"
OK:  Submission output matches sample
Matched output: We're sorry, but Meryl Stre doesn't appear to be in our database.

+++ Test 13-IMDBTest-03 on .ir.stanford.edu/users/l/m/lmarroq/private/cs110/assignments/assign1
Descr:   confirming imdbtest output matches ours exactly for actor with name of length 0 modulo 4
Command: ./imdbtest "Meryl Streep"
OK:  Submission output matches sample
Matched output: 

  Meryl Streep has starred in 104 films, and those films are:

    1.) 100 Years (2017)
    2.) A Century of Cinema (1994)
...

+++ Test 14-IMDBTest-04 on .ir.stanford.edu/users/l/m/lmarroq/private/cs110/assignments/assign1
Descr:   confirming imdbtest output matches ours exactly for actor with name of length 1 modulo 4
Command: ./imdbtest "Ewan McGregor"
OK:  Submission output matches sample
Matched output: 

  Ewan McGregor has starred in 86 films, and those films are:

    1.) A Life Less Ordinary (1997)
    2.) A Million Ways to Die in the West (2014)
...

+++ Test 15-IMDBTest-05 on .ir.stanford.edu/users/l/m/lmarroq/private/cs110/assignments/assign1
Descr:   confirming imdbtest output matches ours exactly for actor with name of length 2 modulo 4
Command: ./imdbtest "Dustin Hoffman"
OK:  Submission output matches sample
Matched output: 

  Dustin Hoffman has starred in 97 films, and those films are:

    1.) A Series of Unfortunate Events (2004)
    2.) A Terrible Tragedy: Alarming Evidence from the Making of the Film - Costumes and Other Suspicious Disguises (2004)
...

+++ Test 16-IMDBTest-06 on .ir.stanford.edu/users/l/m/lmarroq/private/cs110/assignments/assign1
Descr:   confirming imdbtest output matches ours exactly for actor with name of length 3 modulo 4
Command: ./imdbtest "Red Buttons"
OK:  Submission output matches sample
Matched output: 

  Red Buttons has starred in 38 films, and those films are:

    1.) 13 Rue Madeleine (1946)
    2.) 18 Again! (1988)
...

+++ Test 21-SixDegree-01 on .ir.stanford.edu/users/l/m/lmarroq/private/cs110/assignments/assign1
Descr:   confirming search finds very obvious paths of length 1 very quickly
Command: ./search "Meryl Streep" "Jack Nicholson (I)"
MISMATCH:  Submission output does not match sample
Sample output:  Meryl Streep was in "<movie>" (<year>) with Jack Nicholson (I). 
Your output:    [Empty path]


+++ Test 22-SixDegree-02 on .ir.stanford.edu/users/l/m/lmarroq/private/cs110/assignments/assign1
Descr:   confirming search finds very obvious paths of length 1 very quickly (regardless of optimal direction)
Command: ./search "Jack Nicholson (I)" "Meryl Streep"
MISMATCH:  Submission output does not match sample
Sample output:  Jack Nicholson (I) was in "<movie>" (<year>) with Meryl Streep. 
Your output:    [Empty path]


+++ Test 23-SixDegree-03 on .ir.stanford.edu/users/l/m/lmarroq/private/cs110/assignments/assign1
Descr:   confirming search finds very obvious paths of length 2 quickly
Command: ./search "Mary Tyler Moore" "Red Buttons"
MISMATCH:  Submission output does not match sample
Sample output:  
Path between two supplied actors is of length 2:
 + Mary Tyler Moore was in "<movie>" (<year>) with <connector>.
 + <connector> was in "<movie>" (<year>) with Red Buttons. 
Your output:    Mary Tyler Moore was in "<movie>" (<year>) with Regis Toomey.


+++ Test 24-SixDegree-05 on .ir.stanford.edu/users/l/m/lmarroq/private/cs110/assignments/assign1
Descr:   confirming search finds paths of length 3 between two obscure actors
Command: ./search "Jerry Cain (I)" "Kevin Bleyer"
^X^C
[sanitycheck canceled by user]
lmarroq@myth56:~/private/cs110/assignments/assign1$ emacs search.cc
lmarroq@myth56:~/private/cs110/assignments/assign1$ make
/usr/bin/g++ -g -Wall -pedantic -Wno-vla -O0 -std=c++0x -MMD -MF search.d  -I/afs/ir/class/cs110/local/include   -c -o search.o search.cc
/usr/bin/g++ search.o libsearch.a  -o search
lmarroq@myth56:~/private/cs110/assignments/assign1$ tools/sanitycheck
Will run default sanity check for assign1 in current directory .ir.stanford.edu/users/l/m/lmarroq/private/cs110/assignments/assign1.

+++ Test 01-BuildClean on .ir.stanford.edu/users/l/m/lmarroq/private/cs110/assignments/assign1
Descr:   verify project builds cleanly
Command: make clean && make
OK:  Clean build

+++ Test 11-IMDBTest-01 on .ir.stanford.edu/users/l/m/lmarroq/private/cs110/assignments/assign1
Descr:   confirming imdbtest output matches ours exactly for missing actor
Command: ./imdbtest "Bogus Actor"
OK:  Submission output matches sample
Matched output: We're sorry, but Bogus Actor doesn't appear to be in our database.

+++ Test 12-IMDBTest-02 on .ir.stanford.edu/users/l/m/lmarroq/private/cs110/assignments/assign1
Descr:   confirming imdbtest output matches ours exactly for missing actor whose name is a prefix a real name
Command: ./imdbtest "Meryl Stre"
OK:  Submission output matches sample
Matched output: We're sorry, but Meryl Stre doesn't appear to be in our database.

+++ Test 13-IMDBTest-03 on .ir.stanford.edu/users/l/m/lmarroq/private/cs110/assignments/assign1
Descr:   confirming imdbtest output matches ours exactly for actor with name of length 0 modulo 4
Command: ./imdbtest "Meryl Streep"
OK:  Submission output matches sample
Matched output: 

  Meryl Streep has starred in 104 films, and those films are:

    1.) 100 Years (2017)
    2.) A Century of Cinema (1994)
...

+++ Test 14-IMDBTest-04 on .ir.stanford.edu/users/l/m/lmarroq/private/cs110/assignments/assign1
Descr:   confirming imdbtest output matches ours exactly for actor with name of length 1 modulo 4
Command: ./imdbtest "Ewan McGregor"
OK:  Submission output matches sample
Matched output: 

  Ewan McGregor has starred in 86 films, and those films are:

    1.) A Life Less Ordinary (1997)
    2.) A Million Ways to Die in the West (2014)
...

+++ Test 15-IMDBTest-05 on .ir.stanford.edu/users/l/m/lmarroq/private/cs110/assignments/assign1
Descr:   confirming imdbtest output matches ours exactly for actor with name of length 2 modulo 4
Command: ./imdbtest "Dustin Hoffman"
OK:  Submission output matches sample
Matched output: 

  Dustin Hoffman has starred in 97 films, and those films are:

    1.) A Series of Unfortunate Events (2004)
    2.) A Terrible Tragedy: Alarming Evidence from the Making of the Film - Costumes and Other Suspicious Disguises (2004)
...

+++ Test 16-IMDBTest-06 on .ir.stanford.edu/users/l/m/lmarroq/private/cs110/assignments/assign1
Descr:   confirming imdbtest output matches ours exactly for actor with name of length 3 modulo 4
Command: ./imdbtest "Red Buttons"
OK:  Submission output matches sample
Matched output: 

  Red Buttons has starred in 38 films, and those films are:

    1.) 13 Rue Madeleine (1946)
    2.) 18 Again! (1988)
...

+++ Test 21-SixDegree-01 on .ir.stanford.edu/users/l/m/lmarroq/private/cs110/assignments/assign1
Descr:   confirming search finds very obvious paths of length 1 very quickly
Command: ./search "Meryl Streep" "Jack Nicholson (I)"
OK:  Submission output matches sample
Matched output: Meryl Streep was in "<movie>" (<year>) with Jack Nicholson (I).


+++ Test 22-SixDegree-02 on .ir.stanford.edu/users/l/m/lmarroq/private/cs110/assignments/assign1
Descr:   confirming search finds very obvious paths of length 1 very quickly (regardless of optimal direction)
Command: ./search "Jack Nicholson (I)" "Meryl Streep"
OK:  Submission output matches sample
Matched output: Jack Nicholson (I) was in "<movie>" (<year>) with Meryl Streep.


+++ Test 23-SixDegree-03 on .ir.stanford.edu/users/l/m/lmarroq/private/cs110/assignments/assign1
Descr:   confirming search finds very obvious paths of length 2 quickly
Command: ./search "Mary Tyler Moore" "Red Buttons"
OK:  Submission output matches sample
Matched output: 
Path between two supplied actors is of length 2:
 + Mary Tyler Moore was in "<movie>" (<year>) with <connector>.
 + <connector> was in "<movie>" (<year>) with Red Buttons.

+++ Test 24-SixDegree-05 on .ir.stanford.edu/users/l/m/lmarroq/private/cs110/assignments/assign1
Descr:   confirming search finds paths of length 3 between two obscure actors
Command: ./search "Jerry Cain (I)" "Kevin Bleyer"
OK:  Submission output matches sample
Matched output: 
Path between two supplied actors is of length 3:
 + Jerry Cain (I) was in "<movie>" (<year>) with <connector>.
 + <connector> was in "<movie>" (<year>) with <connector>.
 + <connector> was in "<movie>" (<year>) with Kevin Bleyer.

+++ Test 25-SixDegree-06 on .ir.stanford.edu/users/l/m/lmarroq/private/cs110/assignments/assign1
Descr:   confirming search finds paths of length 4 between two obscure actors
Command: ./search "Danzel Muzingo" "Liseli Mutti"
OK:  Submission output matches sample
Matched output: 
Path between two supplied actors is of length 4:
 + Danzel Muzingo was in "<movie>" (<year>) with <connector>.
 + <connector> was in "<movie>" (<year>) with <connector>.
 + <connector> was in "<movie>" (<year>) with <connector>.
 + <connector> was in "<movie>" (<year>) with Liseli Mutti.

+++ Test 26-SixDegree-07 on .ir.stanford.edu/users/l/m/lmarroq/private/cs110/assignments/assign1
Descr:   confirming path of length 4 isn't generated when path length is limited to 3 or less
Command: ./search "Danzel Muzingo" "Liseli Mutti" 3
MISMATCH:  Submission output does not match sample
Sample output:  No path between those two people could be found. 
Your output:    

This project passes 12 of the 13 default sanity check cases.

lmarroq@myth56:~/private/cs110/assignments/assign1$ emacs search.cc
lmarroq@myth56:~/private/cs110/assignments/assign1$ make
/usr/bin/g++ -g -Wall -pedantic -Wno-vla -O0 -std=c++0x -MMD -MF search.d  -I/afs/ir/class/cs110/local/include   -c -o search.o search.cc
/usr/bin/g++ search.o libsearch.a  -o search
lmarroq@myth56:~/private/cs110/assignments/assign1$ tools/sanitycheck
Will run default sanity check for assign1 in current directory .ir.stanford.edu/users/l/m/lmarroq/private/cs110/assignments/assign1.

+++ Test 01-BuildClean on .ir.stanford.edu/users/l/m/lmarroq/private/cs110/assignments/assign1
Descr:   verify project builds cleanly
Command: make clean && make
OK:  Clean build

+++ Test 11-IMDBTest-01 on .ir.stanford.edu/users/l/m/lmarroq/private/cs110/assignments/assign1
Descr:   confirming imdbtest output matches ours exactly for missing actor
Command: ./imdbtest "Bogus Actor"
OK:  Submission output matches sample
Matched output: We're sorry, but Bogus Actor doesn't appear to be in our database.

+++ Test 12-IMDBTest-02 on .ir.stanford.edu/users/l/m/lmarroq/private/cs110/assignments/assign1
Descr:   confirming imdbtest output matches ours exactly for missing actor whose name is a prefix a real name
Command: ./imdbtest "Meryl Stre"
OK:  Submission output matches sample
Matched output: We're sorry, but Meryl Stre doesn't appear to be in our database.

+++ Test 13-IMDBTest-03 on .ir.stanford.edu/users/l/m/lmarroq/private/cs110/assignments/assign1
Descr:   confirming imdbtest output matches ours exactly for actor with name of length 0 modulo 4
Command: ./imdbtest "Meryl Streep"
OK:  Submission output matches sample
Matched output: 

  Meryl Streep has starred in 104 films, and those films are:

    1.) 100 Years (2017)
    2.) A Century of Cinema (1994)
...

+++ Test 14-IMDBTest-04 on .ir.stanford.edu/users/l/m/lmarroq/private/cs110/assignments/assign1
Descr:   confirming imdbtest output matches ours exactly for actor with name of length 1 modulo 4
Command: ./imdbtest "Ewan McGregor"
OK:  Submission output matches sample
Matched output: 

  Ewan McGregor has starred in 86 films, and those films are:

    1.) A Life Less Ordinary (1997)
    2.) A Million Ways to Die in the West (2014)
...

+++ Test 15-IMDBTest-05 on .ir.stanford.edu/users/l/m/lmarroq/private/cs110/assignments/assign1
Descr:   confirming imdbtest output matches ours exactly for actor with name of length 2 modulo 4
Command: ./imdbtest "Dustin Hoffman"
OK:  Submission output matches sample
Matched output: 

  Dustin Hoffman has starred in 97 films, and those films are:

    1.) A Series of Unfortunate Events (2004)
    2.) A Terrible Tragedy: Alarming Evidence from the Making of the Film - Costumes and Other Suspicious Disguises (2004)
...

+++ Test 16-IMDBTest-06 on .ir.stanford.edu/users/l/m/lmarroq/private/cs110/assignments/assign1
Descr:   confirming imdbtest output matches ours exactly for actor with name of length 3 modulo 4
Command: ./imdbtest "Red Buttons"
OK:  Submission output matches sample
Matched output: 

  Red Buttons has starred in 38 films, and those films are:

    1.) 13 Rue Madeleine (1946)
    2.) 18 Again! (1988)
...

+++ Test 21-SixDegree-01 on .ir.stanford.edu/users/l/m/lmarroq/private/cs110/assignments/assign1
Descr:   confirming search finds very obvious paths of length 1 very quickly
Command: ./search "Meryl Streep" "Jack Nicholson (I)"
OK:  Submission output matches sample
Matched output: Meryl Streep was in "<movie>" (<year>) with Jack Nicholson (I).


+++ Test 22-SixDegree-02 on .ir.stanford.edu/users/l/m/lmarroq/private/cs110/assignments/assign1
Descr:   confirming search finds very obvious paths of length 1 very quickly (regardless of optimal direction)
Command: ./search "Jack Nicholson (I)" "Meryl Streep"
OK:  Submission output matches sample
Matched output: Jack Nicholson (I) was in "<movie>" (<year>) with Meryl Streep.


+++ Test 23-SixDegree-03 on .ir.stanford.edu/users/l/m/lmarroq/private/cs110/assignments/assign1
Descr:   confirming search finds very obvious paths of length 2 quickly
Command: ./search "Mary Tyler Moore" "Red Buttons"
OK:  Submission output matches sample
Matched output: 
Path between two supplied actors is of length 2:
 + Mary Tyler Moore was in "<movie>" (<year>) with <connector>.
 + <connector> was in "<movie>" (<year>) with Red Buttons.

+++ Test 24-SixDegree-05 on .ir.stanford.edu/users/l/m/lmarroq/private/cs110/assignments/assign1
Descr:   confirming search finds paths of length 3 between two obscure actors
Command: ./search "Jerry Cain (I)" "Kevin Bleyer"
OK:  Submission output matches sample
Matched output: 
Path between two supplied actors is of length 3:
 + Jerry Cain (I) was in "<movie>" (<year>) with <connector>.
 + <connector> was in "<movie>" (<year>) with <connector>.
 + <connector> was in "<movie>" (<year>) with Kevin Bleyer.

+++ Test 25-SixDegree-06 on .ir.stanford.edu/users/l/m/lmarroq/private/cs110/assignments/assign1
Descr:   confirming search finds paths of length 4 between two obscure actors
Command: ./search "Danzel Muzingo" "Liseli Mutti"
OK:  Submission output matches sample
Matched output: 
Path between two supplied actors is of length 4:
 + Danzel Muzingo was in "<movie>" (<year>) with <connector>.
 + <connector> was in "<movie>" (<year>) with <connector>.
 + <connector> was in "<movie>" (<year>) with <connector>.
 + <connector> was in "<movie>" (<year>) with Liseli Mutti.

+++ Test 26-SixDegree-07 on .ir.stanford.edu/users/l/m/lmarroq/private/cs110/assignments/assign1
Descr:   confirming path of length 4 isn't generated when path length is limited to 3 or less
Command: ./search "Danzel Muzingo" "Liseli Mutti" 3
OK:  Submission output matches sample
Matched output: No path between those two people could be found.

PERFECTO! This project passes all of the default sanity check cases.

lmarroq@myth56:~/private/cs110/assignments/assign1$ emacs search.cc
lmarroq@myth56:~/private/cs110/assignments/assign1$ make
/usr/bin/g++ -g -Wall -pedantic -Wno-vla -O0 -std=c++0x -MMD -MF search.d  -I/afs/ir/class/cs110/local/include   -c -o search.o search.cc
/usr/bin/g++ search.o libsearch.a  -o search
lmarroq@myth56:~/private/cs110/assignments/assign1$ emacs imdb.h
lmarroq@myth56:~/private/cs110/assignments/assign1$ make
/usr/bin/g++ -g -Wall -pedantic -Wno-vla -O0 -std=c++0x -MMD -MF search.d  -I/afs/ir/class/cs110/local/include   -c -o search.o search.cc
/usr/bin/g++ -g -Wall -pedantic -Wno-vla -O0 -std=c++0x -MMD -MF imdb.d  -I/afs/ir/class/cs110/local/include   -c -o imdb.o imdb.cc
rm -f libsearch.a
ar r libsearch.a imdb.o path.o
ar: creating libsearch.a
ranlib libsearch.a
/usr/bin/g++ search.o libsearch.a  -o search
/usr/bin/g++ -g -Wall -pedantic -Wno-vla -O0 -std=c++0x -MMD -MF imdbtest.d  -I/afs/ir/class/cs110/local/include   -c -o imdbtest.o imdbtest.cc
/usr/bin/g++ imdbtest.o libsearch.a  -o imdbtest
lmarroq@myth56:~/private/cs110/assignments/assign1$ emacs imdb.cc
lmarroq@myth56:~/private/cs110/assignments/assign1$ make
/usr/bin/g++ -g -Wall -pedantic -Wno-vla -O0 -std=c++0x -MMD -MF imdb.d  -I/afs/ir/class/cs110/local/include   -c -o imdb.o imdb.cc
rm -f libsearch.a
ar r libsearch.a imdb.o path.o
ar: creating libsearch.a
ranlib libsearch.a
/usr/bin/g++ search.o libsearch.a  -o search
/usr/bin/g++ imdbtest.o libsearch.a  -o imdbtest
lmarroq@myth56:~/private/cs110/assignments/assign1$ ls
imdb.cc  imdb.h  imdbtest     imdbtest.d  imdb-utils.h	Makefile  path.d  path.o   search     search.d	tools
imdb.d	 imdb.o  imdbtest.cc  imdbtest.o  libsearch.a	path.cc   path.h  samples  search.cc  search.o
lmarroq@myth56:~/private/cs110/assignments/assign1$ tools/submit
This tool submits the repo in the current directory for grading.
Current directory is .ir.stanford.edu/users/l/m/lmarroq/private/cs110/assignments/assign1
Verifying there are no build errors... OK
We recommend verifying your output is conformant using sanity check.
Would you like to run sanity check right now? [y/n]:y

+++ Test 01-BuildClean on .ir.stanford.edu/users/l/m/lmarroq/private/cs110/assignments/assign1
Descr:   verify project builds cleanly
Command: make clean && make
OK:  Clean build

+++ Test 11-IMDBTest-01 on .ir.stanford.edu/users/l/m/lmarroq/private/cs110/assignments/assign1
Descr:   confirming imdbtest output matches ours exactly for missing actor
Command: ./imdbtest "Bogus Actor"
OK:  Submission output matches sample
Matched output: We're sorry, but Bogus Actor doesn't appear to be in our database.

+++ Test 12-IMDBTest-02 on .ir.stanford.edu/users/l/m/lmarroq/private/cs110/assignments/assign1
Descr:   confirming imdbtest output matches ours exactly for missing actor whose name is a prefix a real name
Command: ./imdbtest "Meryl Stre"
OK:  Submission output matches sample
Matched output: We're sorry, but Meryl Stre doesn't appear to be in our database.

+++ Test 13-IMDBTest-03 on .ir.stanford.edu/users/l/m/lmarroq/private/cs110/assignments/assign1
Descr:   confirming imdbtest output matches ours exactly for actor with name of length 0 modulo 4
Command: ./imdbtest "Meryl Streep"
OK:  Submission output matches sample
Matched output: 

  Meryl Streep has starred in 104 films, and those films are:

    1.) 100 Years (2017)
    2.) A Century of Cinema (1994)
...

+++ Test 14-IMDBTest-04 on .ir.stanford.edu/users/l/m/lmarroq/private/cs110/assignments/assign1
Descr:   confirming imdbtest output matches ours exactly for actor with name of length 1 modulo 4
Command: ./imdbtest "Ewan McGregor"
OK:  Submission output matches sample
Matched output: 

  Ewan McGregor has starred in 86 films, and those films are:

    1.) A Life Less Ordinary (1997)
    2.) A Million Ways to Die in the West (2014)
...

+++ Test 15-IMDBTest-05 on .ir.stanford.edu/users/l/m/lmarroq/private/cs110/assignments/assign1
Descr:   confirming imdbtest output matches ours exactly for actor with name of length 2 modulo 4
Command: ./imdbtest "Dustin Hoffman"
OK:  Submission output matches sample
Matched output: 

  Dustin Hoffman has starred in 97 films, and those films are:

    1.) A Series of Unfortunate Events (2004)
    2.) A Terrible Tragedy: Alarming Evidence from the Making of the Film - Costumes and Other Suspicious Disguises (2004)
...

+++ Test 16-IMDBTest-06 on .ir.stanford.edu/users/l/m/lmarroq/private/cs110/assignments/assign1
Descr:   confirming imdbtest output matches ours exactly for actor with name of length 3 modulo 4
Command: ./imdbtest "Red Buttons"
OK:  Submission output matches sample
Matched output: 

  Red Buttons has starred in 38 films, and those films are:

    1.) 13 Rue Madeleine (1946)
    2.) 18 Again! (1988)
...

+++ Test 21-SixDegree-01 on .ir.stanford.edu/users/l/m/lmarroq/private/cs110/assignments/assign1
Descr:   confirming search finds very obvious paths of length 1 very quickly
Command: ./search "Meryl Streep" "Jack Nicholson (I)"
OK:  Submission output matches sample
Matched output: Meryl Streep was in "<movie>" (<year>) with Jack Nicholson (I).


+++ Test 22-SixDegree-02 on .ir.stanford.edu/users/l/m/lmarroq/private/cs110/assignments/assign1
Descr:   confirming search finds very obvious paths of length 1 very quickly (regardless of optimal direction)
Command: ./search "Jack Nicholson (I)" "Meryl Streep"
OK:  Submission output matches sample
Matched output: Jack Nicholson (I) was in "<movie>" (<year>) with Meryl Streep.


+++ Test 23-SixDegree-03 on .ir.stanford.edu/users/l/m/lmarroq/private/cs110/assignments/assign1
Descr:   confirming search finds very obvious paths of length 2 quickly
Command: ./search "Mary Tyler Moore" "Red Buttons"
OK:  Submission output matches sample
Matched output: 
Path between two supplied actors is of length 2:
 + Mary Tyler Moore was in "<movie>" (<year>) with <connector>.
 + <connector> was in "<movie>" (<year>) with Red Buttons.

+++ Test 24-SixDegree-05 on .ir.stanford.edu/users/l/m/lmarroq/private/cs110/assignments/assign1
Descr:   confirming search finds paths of length 3 between two obscure actors
Command: ./search "Jerry Cain (I)" "Kevin Bleyer"
OK:  Submission output matches sample
Matched output: 
Path between two supplied actors is of length 3:
 + Jerry Cain (I) was in "<movie>" (<year>) with <connector>.
 + <connector> was in "<movie>" (<year>) with <connector>.
 + <connector> was in "<movie>" (<year>) with Kevin Bleyer.

+++ Test 25-SixDegree-06 on .ir.stanford.edu/users/l/m/lmarroq/private/cs110/assignments/assign1
Descr:   confirming search finds paths of length 4 between two obscure actors
Command: ./search "Danzel Muzingo" "Liseli Mutti"
OK:  Submission output matches sample
Matched output: 
Path between two supplied actors is of length 4:
 + Danzel Muzingo was in "<movie>" (<year>) with <connector>.
 + <connector> was in "<movie>" (<year>) with <connector>.
 + <connector> was in "<movie>" (<year>) with <connector>.
 + <connector> was in "<movie>" (<year>) with Liseli Mutti.

+++ Test 26-SixDegree-07 on .ir.stanford.edu/users/l/m/lmarroq/private/cs110/assignments/assign1
Descr:   confirming path of length 4 isn't generated when path length is limited to 3 or less
Command: ./search "Danzel Muzingo" "Liseli Mutti" 3
OK:  Submission output matches sample
Matched output: No path between those two people could be found.

This submission passes sanity check, continuing with submit.

The deadline for assign1 is Tue Apr 6 11:59 pm.
(No late submissions accepted)
This submission is on-time!

COMPLETED: lmarroq submitted assign1 Mon Apr 5 11:23 pm.
lmarroq@myth56:~/private/cs110/assignments/assign1$ emacs imdb.h
lmarroq@myth56:~/private/cs110/assignments/assign1$ make
/usr/bin/g++ -g -Wall -pedantic -Wno-vla -O0 -std=c++0x -MMD -MF search.d  -I/afs/ir/class/cs110/local/include   -c -o search.o search.cc
/usr/bin/g++ -g -Wall -pedantic -Wno-vla -O0 -std=c++0x -MMD -MF imdb.d  -I/afs/ir/class/cs110/local/include   -c -o imdb.o imdb.cc
rm -f libsearch.a
ar r libsearch.a imdb.o path.o
ar: creating libsearch.a
ranlib libsearch.a
/usr/bin/g++ search.o libsearch.a  -o search
/usr/bin/g++ -g -Wall -pedantic -Wno-vla -O0 -std=c++0x -MMD -MF imdbtest.d  -I/afs/ir/class/cs110/local/include   -c -o imdbtest.o imdbtest.cc
/usr/bin/g++ imdbtest.o libsearch.a  -o imdbtest
lmarroq@myth56:~/private/cs110/assignments/assign1$ emacs imdb.cc
lmarroq@myth56:~/private/cs110/assignments/assign1$ make
/usr/bin/g++ -g -Wall -pedantic -Wno-vla -O0 -std=c++0x -MMD -MF imdb.d  -I/afs/ir/class/cs110/local/include   -c -o imdb.o imdb.cc
rm -f libsearch.a
ar r libsearch.a imdb.o path.o
ar: creating libsearch.a
ranlib libsearch.a
/usr/bin/g++ search.o libsearch.a  -o search
/usr/bin/g++ imdbtest.o libsearch.a  -o imdbtest
lmarroq@myth56:~/private/cs110/assignments/assign1$ tools/sanitycheck
Will run default sanity check for assign1 in current directory .ir.stanford.edu/users/l/m/lmarroq/private/cs110/assignments/assign1.

+++ Test 01-BuildClean on .ir.stanford.edu/users/l/m/lmarroq/private/cs110/assignments/assign1
Descr:   verify project builds cleanly
Command: make clean && make
OK:  Clean build

+++ Test 11-IMDBTest-01 on .ir.stanford.edu/users/l/m/lmarroq/private/cs110/assignments/assign1
Descr:   confirming imdbtest output matches ours exactly for missing actor
Command: ./imdbtest "Bogus Actor"
OK:  Submission output matches sample
Matched output: We're sorry, but Bogus Actor doesn't appear to be in our database.

+++ Test 12-IMDBTest-02 on .ir.stanford.edu/users/l/m/lmarroq/private/cs110/assignments/assign1
Descr:   confirming imdbtest output matches ours exactly for missing actor whose name is a prefix a real name
Command: ./imdbtest "Meryl Stre"
OK:  Submission output matches sample
Matched output: We're sorry, but Meryl Stre doesn't appear to be in our database.

+++ Test 13-IMDBTest-03 on .ir.stanford.edu/users/l/m/lmarroq/private/cs110/assignments/assign1
Descr:   confirming imdbtest output matches ours exactly for actor with name of length 0 modulo 4
Command: ./imdbtest "Meryl Streep"
OK:  Submission output matches sample
Matched output: 

  Meryl Streep has starred in 104 films, and those films are:

    1.) 100 Years (2017)
    2.) A Century of Cinema (1994)
...

+++ Test 14-IMDBTest-04 on .ir.stanford.edu/users/l/m/lmarroq/private/cs110/assignments/assign1
Descr:   confirming imdbtest output matches ours exactly for actor with name of length 1 modulo 4
Command: ./imdbtest "Ewan McGregor"
OK:  Submission output matches sample
Matched output: 

  Ewan McGregor has starred in 86 films, and those films are:

    1.) A Life Less Ordinary (1997)
    2.) A Million Ways to Die in the West (2014)
...

+++ Test 15-IMDBTest-05 on .ir.stanford.edu/users/l/m/lmarroq/private/cs110/assignments/assign1
Descr:   confirming imdbtest output matches ours exactly for actor with name of length 2 modulo 4
Command: ./imdbtest "Dustin Hoffman"
OK:  Submission output matches sample
Matched output: 

  Dustin Hoffman has starred in 97 films, and those films are:

    1.) A Series of Unfortunate Events (2004)
    2.) A Terrible Tragedy: Alarming Evidence from the Making of the Film - Costumes and Other Suspicious Disguises (2004)
...

+++ Test 16-IMDBTest-06 on .ir.stanford.edu/users/l/m/lmarroq/private/cs110/assignments/assign1
Descr:   confirming imdbtest output matches ours exactly for actor with name of length 3 modulo 4
Command: ./imdbtest "Red Buttons"
OK:  Submission output matches sample
Matched output: 

  Red Buttons has starred in 38 films, and those films are:

    1.) 13 Rue Madeleine (1946)
    2.) 18 Again! (1988)
...

+++ Test 21-SixDegree-01 on .ir.stanford.edu/users/l/m/lmarroq/private/cs110/assignments/assign1
Descr:   confirming search finds very obvious paths of length 1 very quickly
Command: ./search "Meryl Streep" "Jack Nicholson (I)"
OK:  Submission output matches sample
Matched output: Meryl Streep was in "<movie>" (<year>) with Jack Nicholson (I).


+++ Test 22-SixDegree-02 on .ir.stanford.edu/users/l/m/lmarroq/private/cs110/assignments/assign1
Descr:   confirming search finds very obvious paths of length 1 very quickly (regardless of optimal direction)
Command: ./search "Jack Nicholson (I)" "Meryl Streep"
OK:  Submission output matches sample
Matched output: Jack Nicholson (I) was in "<movie>" (<year>) with Meryl Streep.


+++ Test 23-SixDegree-03 on .ir.stanford.edu/users/l/m/lmarroq/private/cs110/assignments/assign1
Descr:   confirming search finds very obvious paths of length 2 quickly
Command: ./search "Mary Tyler Moore" "Red Buttons"
OK:  Submission output matches sample
Matched output: 
Path between two supplied actors is of length 2:
 + Mary Tyler Moore was in "<movie>" (<year>) with <connector>.
 + <connector> was in "<movie>" (<year>) with Red Buttons.

+++ Test 24-SixDegree-05 on .ir.stanford.edu/users/l/m/lmarroq/private/cs110/assignments/assign1
Descr:   confirming search finds paths of length 3 between two obscure actors
Command: ./search "Jerry Cain (I)" "Kevin Bleyer"
OK:  Submission output matches sample
Matched output: 
Path between two supplied actors is of length 3:
 + Jerry Cain (I) was in "<movie>" (<year>) with <connector>.
 + <connector> was in "<movie>" (<year>) with <connector>.
 + <connector> was in "<movie>" (<year>) with Kevin Bleyer.

+++ Test 25-SixDegree-06 on .ir.stanford.edu/users/l/m/lmarroq/private/cs110/assignments/assign1
Descr:   confirming search finds paths of length 4 between two obscure actors
Command: ./search "Danzel Muzingo" "Liseli Mutti"
OK:  Submission output matches sample
Matched output: 
Path between two supplied actors is of length 4:
 + Danzel Muzingo was in "<movie>" (<year>) with <connector>.
 + <connector> was in "<movie>" (<year>) with <connector>.
 + <connector> was in "<movie>" (<year>) with <connector>.
 + <connector> was in "<movie>" (<year>) with Liseli Mutti.

+++ Test 26-SixDegree-07 on .ir.stanford.edu/users/l/m/lmarroq/private/cs110/assignments/assign1
Descr:   confirming path of length 4 isn't generated when path length is limited to 3 or less
Command: ./search "Danzel Muzingo" "Liseli Mutti" 3
OK:  Submission output matches sample
Matched output: No path between those two people could be found.

WAY TO GO! This project passes all of the default sanity check cases.

lmarroq@myth56:~/private/cs110/assignments/assign1$ emacs imdb.cc
lmarroq@myth56:~/private/cs110/assignments/assign1$ make
/usr/bin/g++ -g -Wall -pedantic -Wno-vla -O0 -std=c++0x -MMD -MF imdb.d  -I/afs/ir/class/cs110/local/include   -c -o imdb.o imdb.cc
rm -f libsearch.a
ar r libsearch.a imdb.o path.o
ar: creating libsearch.a
ranlib libsearch.a
/usr/bin/g++ search.o libsearch.a  -o search
/usr/bin/g++ imdbtest.o libsearch.a  -o imdbtest
lmarroq@myth56:~/private/cs110/assignments/assign1$ tools/sanitycheck
Will run default sanity check for assign1 in current directory .ir.stanford.edu/users/l/m/lmarroq/private/cs110/assignments/assign1.

+++ Test 01-BuildClean on .ir.stanford.edu/users/l/m/lmarroq/private/cs110/assignments/assign1
Descr:   verify project builds cleanly
Command: make clean && make
OK:  Clean build

+++ Test 11-IMDBTest-01 on .ir.stanford.edu/users/l/m/lmarroq/private/cs110/assignments/assign1
Descr:   confirming imdbtest output matches ours exactly for missing actor
Command: ./imdbtest "Bogus Actor"
OK:  Submission output matches sample
Matched output: We're sorry, but Bogus Actor doesn't appear to be in our database.

+++ Test 12-IMDBTest-02 on .ir.stanford.edu/users/l/m/lmarroq/private/cs110/assignments/assign1
Descr:   confirming imdbtest output matches ours exactly for missing actor whose name is a prefix a real name
Command: ./imdbtest "Meryl Stre"
OK:  Submission output matches sample
Matched output: We're sorry, but Meryl Stre doesn't appear to be in our database.

+++ Test 13-IMDBTest-03 on .ir.stanford.edu/users/l/m/lmarroq/private/cs110/assignments/assign1
Descr:   confirming imdbtest output matches ours exactly for actor with name of length 0 modulo 4
Command: ./imdbtest "Meryl Streep"
OK:  Submission output matches sample
Matched output: 

  Meryl Streep has starred in 104 films, and those films are:

    1.) 100 Years (2017)
    2.) A Century of Cinema (1994)
...

+++ Test 14-IMDBTest-04 on .ir.stanford.edu/users/l/m/lmarroq/private/cs110/assignments/assign1
Descr:   confirming imdbtest output matches ours exactly for actor with name of length 1 modulo 4
Command: ./imdbtest "Ewan McGregor"
OK:  Submission output matches sample
Matched output: 

  Ewan McGregor has starred in 86 films, and those films are:

    1.) A Life Less Ordinary (1997)
    2.) A Million Ways to Die in the West (2014)
...

+++ Test 15-IMDBTest-05 on .ir.stanford.edu/users/l/m/lmarroq/private/cs110/assignments/assign1
Descr:   confirming imdbtest output matches ours exactly for actor with name of length 2 modulo 4
Command: ./imdbtest "Dustin Hoffman"
OK:  Submission output matches sample
Matched output: 

  Dustin Hoffman has starred in 97 films, and those films are:

    1.) A Series of Unfortunate Events (2004)
    2.) A Terrible Tragedy: Alarming Evidence from the Making of the Film - Costumes and Other Suspicious Disguises (2004)
...

+++ Test 16-IMDBTest-06 on .ir.stanford.edu/users/l/m/lmarroq/private/cs110/assignments/assign1
Descr:   confirming imdbtest output matches ours exactly for actor with name of length 3 modulo 4
Command: ./imdbtest "Red Buttons"
OK:  Submission output matches sample
Matched output: 

  Red Buttons has starred in 38 films, and those films are:

    1.) 13 Rue Madeleine (1946)
    2.) 18 Again! (1988)
...

+++ Test 21-SixDegree-01 on .ir.stanford.edu/users/l/m/lmarroq/private/cs110/assignments/assign1
Descr:   confirming search finds very obvious paths of length 1 very quickly
Command: ./search "Meryl Streep" "Jack Nicholson (I)"
OK:  Submission output matches sample
Matched output: Meryl Streep was in "<movie>" (<year>) with Jack Nicholson (I).


+++ Test 22-SixDegree-02 on .ir.stanford.edu/users/l/m/lmarroq/private/cs110/assignments/assign1
Descr:   confirming search finds very obvious paths of length 1 very quickly (regardless of optimal direction)
Command: ./search "Jack Nicholson (I)" "Meryl Streep"
OK:  Submission output matches sample
Matched output: Jack Nicholson (I) was in "<movie>" (<year>) with Meryl Streep.


+++ Test 23-SixDegree-03 on .ir.stanford.edu/users/l/m/lmarroq/private/cs110/assignments/assign1
Descr:   confirming search finds very obvious paths of length 2 quickly
Command: ./search "Mary Tyler Moore" "Red Buttons"
OK:  Submission output matches sample
Matched output: 
Path between two supplied actors is of length 2:
 + Mary Tyler Moore was in "<movie>" (<year>) with <connector>.
 + <connector> was in "<movie>" (<year>) with Red Buttons.

+++ Test 24-SixDegree-05 on .ir.stanford.edu/users/l/m/lmarroq/private/cs110/assignments/assign1
Descr:   confirming search finds paths of length 3 between two obscure actors
Command: ./search "Jerry Cain (I)" "Kevin Bleyer"
OK:  Submission output matches sample
Matched output: 
Path between two supplied actors is of length 3:
 + Jerry Cain (I) was in "<movie>" (<year>) with <connector>.
 + <connector> was in "<movie>" (<year>) with <connector>.
 + <connector> was in "<movie>" (<year>) with Kevin Bleyer.

+++ Test 25-SixDegree-06 on .ir.stanford.edu/users/l/m/lmarroq/private/cs110/assignments/assign1
Descr:   confirming search finds paths of length 4 between two obscure actors
Command: ./search "Danzel Muzingo" "Liseli Mutti"
OK:  Submission output matches sample
Matched output: 
Path between two supplied actors is of length 4:
 + Danzel Muzingo was in "<movie>" (<year>) with <connector>.
 + <connector> was in "<movie>" (<year>) with <connector>.
 + <connector> was in "<movie>" (<year>) with <connector>.
 + <connector> was in "<movie>" (<year>) with Liseli Mutti.

+++ Test 26-SixDegree-07 on .ir.stanford.edu/users/l/m/lmarroq/private/cs110/assignments/assign1
Descr:   confirming path of length 4 isn't generated when path length is limited to 3 or less
Command: ./search "Danzel Muzingo" "Liseli Mutti" 3
OK:  Submission output matches sample
Matched output: No path between those two people could be found.

JOLLY GOOD! This project passes all of the default sanity check cases.

lmarroq@myth56:~/private/cs110/assignments/assign1$ emacs imdb.cc
lmarroq@myth56:~/private/cs110/assignments/assign1$ make
/usr/bin/g++ -g -Wall -pedantic -Wno-vla -O0 -std=c++0x -MMD -MF imdb.d  -I/afs/ir/class/cs110/local/include   -c -o imdb.o imdb.cc
rm -f libsearch.a
ar r libsearch.a imdb.o path.o
ar: creating libsearch.a
ranlib libsearch.a
/usr/bin/g++ search.o libsearch.a  -o search
/usr/bin/g++ imdbtest.o libsearch.a  -o imdbtest
lmarroq@myth56:~/private/cs110/assignments/assign1$ tools/submit
This tool submits the repo in the current directory for grading.
Current directory is .ir.stanford.edu/users/l/m/lmarroq/private/cs110/assignments/assign1
Verifying there are no build errors... OK
We recommend verifying your output is conformant using sanity check.
Would you like to run sanity check right now? [y/n]:y

+++ Test 01-BuildClean on .ir.stanford.edu/users/l/m/lmarroq/private/cs110/assignments/assign1
Descr:   verify project builds cleanly
Command: make clean && make
OK:  Clean build

+++ Test 11-IMDBTest-01 on .ir.stanford.edu/users/l/m/lmarroq/private/cs110/assignments/assign1
Descr:   confirming imdbtest output matches ours exactly for missing actor
Command: ./imdbtest "Bogus Actor"
OK:  Submission output matches sample
Matched output: We're sorry, but Bogus Actor doesn't appear to be in our database.

+++ Test 12-IMDBTest-02 on .ir.stanford.edu/users/l/m/lmarroq/private/cs110/assignments/assign1
Descr:   confirming imdbtest output matches ours exactly for missing actor whose name is a prefix a real name
Command: ./imdbtest "Meryl Stre"
OK:  Submission output matches sample
Matched output: We're sorry, but Meryl Stre doesn't appear to be in our database.

+++ Test 13-IMDBTest-03 on .ir.stanford.edu/users/l/m/lmarroq/private/cs110/assignments/assign1
Descr:   confirming imdbtest output matches ours exactly for actor with name of length 0 modulo 4
Command: ./imdbtest "Meryl Streep"
OK:  Submission output matches sample
Matched output: 

  Meryl Streep has starred in 104 films, and those films are:

    1.) 100 Years (2017)
    2.) A Century of Cinema (1994)
...

+++ Test 14-IMDBTest-04 on .ir.stanford.edu/users/l/m/lmarroq/private/cs110/assignments/assign1
Descr:   confirming imdbtest output matches ours exactly for actor with name of length 1 modulo 4
Command: ./imdbtest "Ewan McGregor"
OK:  Submission output matches sample
Matched output: 

  Ewan McGregor has starred in 86 films, and those films are:

    1.) A Life Less Ordinary (1997)
    2.) A Million Ways to Die in the West (2014)
...

+++ Test 15-IMDBTest-05 on .ir.stanford.edu/users/l/m/lmarroq/private/cs110/assignments/assign1
Descr:   confirming imdbtest output matches ours exactly for actor with name of length 2 modulo 4
Command: ./imdbtest "Dustin Hoffman"
OK:  Submission output matches sample
Matched output: 

  Dustin Hoffman has starred in 97 films, and those films are:

    1.) A Series of Unfortunate Events (2004)
    2.) A Terrible Tragedy: Alarming Evidence from the Making of the Film - Costumes and Other Suspicious Disguises (2004)
...

+++ Test 16-IMDBTest-06 on .ir.stanford.edu/users/l/m/lmarroq/private/cs110/assignments/assign1
Descr:   confirming imdbtest output matches ours exactly for actor with name of length 3 modulo 4
Command: ./imdbtest "Red Buttons"
OK:  Submission output matches sample
Matched output: 

  Red Buttons has starred in 38 films, and those films are:

    1.) 13 Rue Madeleine (1946)
    2.) 18 Again! (1988)
...

+++ Test 21-SixDegree-01 on .ir.stanford.edu/users/l/m/lmarroq/private/cs110/assignments/assign1
Descr:   confirming search finds very obvious paths of length 1 very quickly
Command: ./search "Meryl Streep" "Jack Nicholson (I)"
OK:  Submission output matches sample
Matched output: Meryl Streep was in "<movie>" (<year>) with Jack Nicholson (I).


+++ Test 22-SixDegree-02 on .ir.stanford.edu/users/l/m/lmarroq/private/cs110/assignments/assign1
Descr:   confirming search finds very obvious paths of length 1 very quickly (regardless of optimal direction)
Command: ./search "Jack Nicholson (I)" "Meryl Streep"
OK:  Submission output matches sample
Matched output: Jack Nicholson (I) was in "<movie>" (<year>) with Meryl Streep.


+++ Test 23-SixDegree-03 on .ir.stanford.edu/users/l/m/lmarroq/private/cs110/assignments/assign1
Descr:   confirming search finds very obvious paths of length 2 quickly
Command: ./search "Mary Tyler Moore" "Red Buttons"
OK:  Submission output matches sample
Matched output: 
Path between two supplied actors is of length 2:
 + Mary Tyler Moore was in "<movie>" (<year>) with <connector>.
 + <connector> was in "<movie>" (<year>) with Red Buttons.

+++ Test 24-SixDegree-05 on .ir.stanford.edu/users/l/m/lmarroq/private/cs110/assignments/assign1
Descr:   confirming search finds paths of length 3 between two obscure actors
Command: ./search "Jerry Cain (I)" "Kevin Bleyer"
OK:  Submission output matches sample
Matched output: 
Path between two supplied actors is of length 3:
 + Jerry Cain (I) was in "<movie>" (<year>) with <connector>.
 + <connector> was in "<movie>" (<year>) with <connector>.
 + <connector> was in "<movie>" (<year>) with Kevin Bleyer.

+++ Test 25-SixDegree-06 on .ir.stanford.edu/users/l/m/lmarroq/private/cs110/assignments/assign1
Descr:   confirming search finds paths of length 4 between two obscure actors
Command: ./search "Danzel Muzingo" "Liseli Mutti"
OK:  Submission output matches sample
Matched output: 
Path between two supplied actors is of length 4:
 + Danzel Muzingo was in "<movie>" (<year>) with <connector>.
 + <connector> was in "<movie>" (<year>) with <connector>.
 + <connector> was in "<movie>" (<year>) with <connector>.
 + <connector> was in "<movie>" (<year>) with Liseli Mutti.

+++ Test 26-SixDegree-07 on .ir.stanford.edu/users/l/m/lmarroq/private/cs110/assignments/assign1
Descr:   confirming path of length 4 isn't generated when path length is limited to 3 or less
Command: ./search "Danzel Muzingo" "Liseli Mutti" 3
OK:  Submission output matches sample
Matched output: No path between those two people could be found.

This submission passes sanity check, continuing with submit.

The deadline for assign1 is Tue Apr 6 11:59 pm.
(No late submissions accepted)
This submission is on-time!

COMPLETED: lmarroq submitted assign1 Tue Apr 6 12:04 am.
lmarroq@myth56:~/private/cs110/assignments/assign1$ client_loop: send disconnect: Broken pipe
users-MacBook-Pro:~ Leslie$ ssh lmarroq@myth.stanford.edu
Password: 
=-=-=-=-=-=-=-=-=-=-=-=-=-=-=-=-=-=-=-=-=-=-=-=-=-=-=-=-=-=-=-=-=-=-=-=-=-=-=-=
 myth65.stanford.edu      
 Ubuntu 20.04 (5.4.0-70-generic)
 8 x Intel(R) Core(TM) i7-7700K CPU @ 4.20GHz, 31.24 GiB RAM, 31.87 GiB swap

 enp0s31f6: 171.64.15.30
=-=-=-=-=-=-=-=-=-=-=-=-=-=-=-=-=-=-=-=-=-=-=-=-=-=-=-=-=-=-=-=-=-=-=-=-=-=-=-=
   -> For help with your SUNetID, AFS, or class dirs call 725-HELP, or visit
      http://helpsu.stanford.edu 
   -> For problems with hardware or local/OS software, visit
      http://support.cs.stanford.edu 
   -> With the exception of certain course related mail, the myths cannot
      be used to send or receive email 
   -> The myths are not for CPU-intensive workloads. For alternative
      computers see http://farmshare.stanford.edu 
   -> The new myths are: myth51 - 66 

lmarroq@myth65:~$ cd private/cs110/assignments
lmarroq@myth65:~/private/cs110/assignments$ git clone /usr/class/cs110/repos/assign2/$USER assign2
Cloning into 'assign2'...
done.
lmarroq@myth65:~/private/cs110/assignments$ ls
assign1  assign2
lmarroq@myth65:~/private/cs110/assignments$ cd assign2
lmarroq@myth65:~/private/cs110/assignments/assign2$ ls
chksumfile.c  directory.h	 diskimg.c  file.h    inode.h	pathname.c  tools
chksumfile.h  direntv6.h	 diskimg.h  filsys.h  ino.h	pathname.h  unixfilesystem.c
directory.c   diskimageaccess.c  file.c     inode.c   Makefile	samples     unixfilesystem.h
lmarroq@myth65:~/private/cs110/assignments/assign2$ make
/usr/bin/clang-10 -g -fno-limit-debug-info -fstack-protector -Wall -W -Wcast-qual -Wwrite-strings -Wextra -Wno-unused -Wno-unused-parameter -MMD -MF diskimageaccess.d -std=gnu99   -c -o diskimageaccess.o diskimageaccess.c
/usr/bin/clang-10 -g -fno-limit-debug-info -fstack-protector -Wall -W -Wcast-qual -Wwrite-strings -Wextra -Wno-unused -Wno-unused-parameter -MMD -MF diskimg.d -std=gnu99   -c -o diskimg.o diskimg.c
/usr/bin/clang-10 -g -fno-limit-debug-info -fstack-protector -Wall -W -Wcast-qual -Wwrite-strings -Wextra -Wno-unused -Wno-unused-parameter -MMD -MF inode.d -std=gnu99   -c -o inode.o inode.c
/usr/bin/clang-10 -g -fno-limit-debug-info -fstack-protector -Wall -W -Wcast-qual -Wwrite-strings -Wextra -Wno-unused -Wno-unused-parameter -MMD -MF unixfilesystem.d -std=gnu99   -c -o unixfilesystem.o unixfilesystem.c
/usr/bin/clang-10 -g -fno-limit-debug-info -fstack-protector -Wall -W -Wcast-qual -Wwrite-strings -Wextra -Wno-unused -Wno-unused-parameter -MMD -MF directory.d -std=gnu99   -c -o directory.o directory.c
/usr/bin/clang-10 -g -fno-limit-debug-info -fstack-protector -Wall -W -Wcast-qual -Wwrite-strings -Wextra -Wno-unused -Wno-unused-parameter -MMD -MF pathname.d -std=gnu99   -c -o pathname.o pathname.c
/usr/bin/clang-10 -g -fno-limit-debug-info -fstack-protector -Wall -W -Wcast-qual -Wwrite-strings -Wextra -Wno-unused -Wno-unused-parameter -MMD -MF chksumfile.d -std=gnu99   -c -o chksumfile.o chksumfile.c
/usr/bin/clang-10 -g -fno-limit-debug-info -fstack-protector -Wall -W -Wcast-qual -Wwrite-strings -Wextra -Wno-unused -Wno-unused-parameter -MMD -MF file.d -std=gnu99   -c -o file.o file.c
rm -f v6fslib.a
ar r v6fslib.a diskimg.o inode.o unixfilesystem.o directory.o pathname.o chksumfile.o file.o
ar: creating v6fslib.a
ranlib v6fslib.a
/usr/bin/clang-10  diskimageaccess.o v6fslib.a  -lssl -lcrypto -o diskimageaccess
lmarroq@myth65:~/private/cs110/assignments/assign2$ cd ..
lmarroq@myth65:~/private/cs110/assignments$ cd assign1
lmarroq@myth65:~/private/cs110/assignments/assign1$ tools/sanitycheck
Will run default sanity check for assign1 in current directory .ir.stanford.edu/users/l/m/lmarroq/private/cs110/assignments/assign1.

+++ Test 01-BuildClean on .ir.stanford.edu/users/l/m/lmarroq/private/cs110/assignments/assign1
Descr:   verify project builds cleanly
Command: make clean && make
OK:  Clean build

+++ Test 11-IMDBTest-01 on .ir.stanford.edu/users/l/m/lmarroq/private/cs110/assignments/assign1
Descr:   confirming imdbtest output matches ours exactly for missing actor
Command: ./imdbtest "Bogus Actor"
OK:  Submission output matches sample
Matched output: We're sorry, but Bogus Actor doesn't appear to be in our database.

+++ Test 12-IMDBTest-02 on .ir.stanford.edu/users/l/m/lmarroq/private/cs110/assignments/assign1
Descr:   confirming imdbtest output matches ours exactly for missing actor whose name is a prefix a real name
Command: ./imdbtest "Meryl Stre"
OK:  Submission output matches sample
Matched output: We're sorry, but Meryl Stre doesn't appear to be in our database.

+++ Test 13-IMDBTest-03 on .ir.stanford.edu/users/l/m/lmarroq/private/cs110/assignments/assign1
Descr:   confirming imdbtest output matches ours exactly for actor with name of length 0 modulo 4
Command: ./imdbtest "Meryl Streep"
OK:  Submission output matches sample
Matched output: 

  Meryl Streep has starred in 104 films, and those films are:

    1.) 100 Years (2017)
    2.) A Century of Cinema (1994)
...

+++ Test 14-IMDBTest-04 on .ir.stanford.edu/users/l/m/lmarroq/private/cs110/assignments/assign1
Descr:   confirming imdbtest output matches ours exactly for actor with name of length 1 modulo 4
Command: ./imdbtest "Ewan McGregor"
OK:  Submission output matches sample
Matched output: 

  Ewan McGregor has starred in 86 films, and those films are:

    1.) A Life Less Ordinary (1997)
    2.) A Million Ways to Die in the West (2014)
...

+++ Test 15-IMDBTest-05 on .ir.stanford.edu/users/l/m/lmarroq/private/cs110/assignments/assign1
Descr:   confirming imdbtest output matches ours exactly for actor with name of length 2 modulo 4
Command: ./imdbtest "Dustin Hoffman"
OK:  Submission output matches sample
Matched output: 

  Dustin Hoffman has starred in 97 films, and those films are:

    1.) A Series of Unfortunate Events (2004)
    2.) A Terrible Tragedy: Alarming Evidence from the Making of the Film - Costumes and Other Suspicious Disguises (2004)
...

+++ Test 16-IMDBTest-06 on .ir.stanford.edu/users/l/m/lmarroq/private/cs110/assignments/assign1
Descr:   confirming imdbtest output matches ours exactly for actor with name of length 3 modulo 4
Command: ./imdbtest "Red Buttons"
OK:  Submission output matches sample
Matched output: 

  Red Buttons has starred in 38 films, and those films are:

    1.) 13 Rue Madeleine (1946)
    2.) 18 Again! (1988)
...

+++ Test 21-SixDegree-01 on .ir.stanford.edu/users/l/m/lmarroq/private/cs110/assignments/assign1
Descr:   confirming search finds very obvious paths of length 1 very quickly
Command: ./search "Meryl Streep" "Jack Nicholson (I)"
OK:  Submission output matches sample
Matched output: Meryl Streep was in "<movie>" (<year>) with Jack Nicholson (I).


+++ Test 22-SixDegree-02 on .ir.stanford.edu/users/l/m/lmarroq/private/cs110/assignments/assign1
Descr:   confirming search finds very obvious paths of length 1 very quickly (regardless of optimal direction)
Command: ./search "Jack Nicholson (I)" "Meryl Streep"
OK:  Submission output matches sample
Matched output: Jack Nicholson (I) was in "<movie>" (<year>) with Meryl Streep.


+++ Test 23-SixDegree-03 on .ir.stanford.edu/users/l/m/lmarroq/private/cs110/assignments/assign1
Descr:   confirming search finds very obvious paths of length 2 quickly
Command: ./search "Mary Tyler Moore" "Red Buttons"
OK:  Submission output matches sample
Matched output: 
Path between two supplied actors is of length 2:
 + Mary Tyler Moore was in "<movie>" (<year>) with <connector>.
 + <connector> was in "<movie>" (<year>) with Red Buttons.

+++ Test 24-SixDegree-05 on .ir.stanford.edu/users/l/m/lmarroq/private/cs110/assignments/assign1
Descr:   confirming search finds paths of length 3 between two obscure actors
Command: ./search "Jerry Cain (I)" "Kevin Bleyer"
OK:  Submission output matches sample
Matched output: 
Path between two supplied actors is of length 3:
 + Jerry Cain (I) was in "<movie>" (<year>) with <connector>.
 + <connector> was in "<movie>" (<year>) with <connector>.
 + <connector> was in "<movie>" (<year>) with Kevin Bleyer.

+++ Test 25-SixDegree-06 on .ir.stanford.edu/users/l/m/lmarroq/private/cs110/assignments/assign1
Descr:   confirming search finds paths of length 4 between two obscure actors
Command: ./search "Danzel Muzingo" "Liseli Mutti"
OK:  Submission output matches sample
Matched output: 
Path between two supplied actors is of length 4:
 + Danzel Muzingo was in "<movie>" (<year>) with <connector>.
 + <connector> was in "<movie>" (<year>) with <connector>.
 + <connector> was in "<movie>" (<year>) with <connector>.
 + <connector> was in "<movie>" (<year>) with Liseli Mutti.

+++ Test 26-SixDegree-07 on .ir.stanford.edu/users/l/m/lmarroq/private/cs110/assignments/assign1
Descr:   confirming path of length 4 isn't generated when path length is limited to 3 or less
Command: ./search "Danzel Muzingo" "Liseli Mutti" 3
OK:  Submission output matches sample
Matched output: No path between those two people could be found.

AWESOME! This project passes all of the default sanity check cases.

lmarroq@myth65:~/private/cs110/assignments/assign1$ emacs custom_tests
lmarroq@myth65:~/private/cs110/assignments/assign1$ make
make: Nothing to be done for 'all'.
lmarroq@myth65:~/private/cs110/assignments/assign1$ tools/sanitycheck "custom_tests"
Will run custom sanity check for assign1 in current directory .ir.stanford.edu/users/l/m/lmarroq/private/cs110/assignments/assign1.
Reading custom test cases from file 'custom_tests'... found 1 test cases.

+++ Test BuildClean on .ir.stanford.edu/users/l/m/lmarroq/private/cs110/assignments/assign1
Descr:   verify project builds cleanly
Command: make
OK:  Clean build

Executing your custom test cases against solution... done.

Now running custom test cases against your program

+++ Test Custom-1 on .ir.stanford.edu/users/l/m/lmarroq/private/cs110/assignments/assign1
Command: ./search "Kevin Bacon (I)"
MISMATCH:  Submission output does not match sample
Sample output:  
Usage: /afs/ir/class/archive/cs/cs110/cs110.1216/samples/assign1/search_soln <source-actor> <target-actor> [<max-path-length>] 
Your output:    Usage: ./search <source-actor> <target-actor> [<max-path-length>]

This project passes 0 of the 1 custom test cases read from file 'custom_tests'.

lmarroq@myth65:~/private/cs110/assignments/assign1$ emacs custom_tests
lmarroq@myth65:~/private/cs110/assignments/assign1$ tools/sanitycheck "custom_tests"
Will run custom sanity check for assign1 in current directory .ir.stanford.edu/users/l/m/lmarroq/private/cs110/assignments/assign1.
Reading custom test cases from file 'custom_tests'... found 1 test cases.

+++ Test BuildClean on .ir.stanford.edu/users/l/m/lmarroq/private/cs110/assignments/assign1
Descr:   verify project builds cleanly
Command: make
OK:  Clean build

Executing your custom test cases against solution... done.

Now running custom test cases against your program

+++ Test Custom-1 on .ir.stanford.edu/users/l/m/lmarroq/private/cs110/assignments/assign1
Command: ./search "Kevin Bacon (I)"
MISMATCH:  Submission output does not match sample
Sample output:  
Usage: /afs/ir/class/archive/cs/cs110/cs110.1216/samples/assign1/search_soln <source-actor> <target-actor> [<max-path-length>] 
Your output:    Usage: ./search <source-actor> <target-actor> [<max-path-length>]

This project passes 0 of the 1 custom test cases read from file 'custom_tests'.

lmarroq@myth65:~/private/cs110/assignments/assign1$ ls
custom_tests   imdb.cc	imdb.h	imdbtest     imdbtest.d  imdb-utils.h  Makefile  path.d  path.o   search     search.d  tools
custom_tests~  imdb.d	imdb.o	imdbtest.cc  imdbtest.o  libsearch.a   path.cc	 path.h  samples  search.cc  search.o
lmarroq@myth65:~/private/cs110/assignments/assign1$ rm custom_tests
rm: remove regular file 'custom_tests'? yes
lmarroq@myth65:~/private/cs110/assignments/assign1$ ls
custom_tests~  imdb.d  imdb.o	 imdbtest.cc  imdbtest.o    libsearch.a  path.cc  path.h  samples  search.cc  search.o
imdb.cc        imdb.h  imdbtest  imdbtest.d   imdb-utils.h  Makefile	 path.d   path.o  search   search.d   tools
lmarroq@myth65:~/private/cs110/assignments/assign1$ emacs custom_test~
lmarroq@myth65:~/private/cs110/assignments/assign1$ emacs custom_tests~
lmarroq@myth65:~/private/cs110/assignments/assign1$ rm custom_tests~
rm: remove regular file 'custom_tests~'? yes
lmarroq@myth65:~/private/cs110/assignments/assign1$ ls
imdb.cc  imdb.h  imdbtest     imdbtest.d  imdb-utils.h	Makefile  path.d  path.o   search     search.d	tools
imdb.d	 imdb.o  imdbtest.cc  imdbtest.o  libsearch.a	path.cc   path.h  samples  search.cc  search.o
lmarroq@myth65:~/private/cs110/assignments/assign1$ emacs custom_tests.txt
lmarroq@myth65:~/private/cs110/assignments/assign1$ tools/sanitycheck custom_tests.txt
Will run custom sanity check for assign1 in current directory .ir.stanford.edu/users/l/m/lmarroq/private/cs110/assignments/assign1.
Reading custom test cases from file 'custom_tests.txt'... found 7 test cases.

+++ Test BuildClean on .ir.stanford.edu/users/l/m/lmarroq/private/cs110/assignments/assign1
Descr:   verify project builds cleanly
Command: make
OK:  Clean build

Executing your custom test cases against solution... done.

Now running custom test cases against your program

+++ Test Custom-1 on .ir.stanford.edu/users/l/m/lmarroq/private/cs110/assignments/assign1
Command: ./search "Meryl Streep" "Jerry Cain (I)"
OK:  Submission output matches sample
Matched output: 
Path between two supplied actors is of length 2:
 + Meryl Streep was in "<movie>" (<year>) with <connector>.
 + <connector> was in "<movie>" (<year>) with Jerry Cain (I).

+++ Test Custom-2 on .ir.stanford.edu/users/l/m/lmarroq/private/cs110/assignments/assign1
Command: ./search "abcdefg" "Gary Oldman"
OK:  Submission output matches sample
Matched output: No path between those two people could be found.

+++ Test Custom-3 on .ir.stanford.edu/users/l/m/lmarroq/private/cs110/assignments/assign1
Command: ./search "Amy Adams" "zzzzzzz"
OK:  Submission output matches sample
Matched output: No path between those two people could be found.

+++ Test Custom-4 on .ir.stanford.edu/users/l/m/lmarroq/private/cs110/assignments/assign1
Command: ./search "Tom Hanks" "Tobey Maguire"
OK:  Submission output matches sample
Matched output: Tom Hanks was in "<movie>" (<year>) with Tobey Maguire.


+++ Test Custom-5 on .ir.stanford.edu/users/l/m/lmarroq/private/cs110/assignments/assign1
Command: ./search "Mahershala Ali" "Jon Stewart (I)" 1
OK:  Submission output matches sample
Matched output: No path between those two people could be found.

+++ Test Custom-6 on .ir.stanford.edu/users/l/m/lmarroq/private/cs110/assignments/assign1
Command: ./search "Mahershala Ali" "Jon Stewart (I)" 2
OK:  Submission output matches sample
Matched output: 
Path between two supplied actors is of length 2:
 + Mahershala Ali was in "<movie>" (<year>) with <connector>.
 + <connector> was in "<movie>" (<year>) with Jon Stewart (I).

+++ Test Custom-7 on .ir.stanford.edu/users/l/m/lmarroq/private/cs110/assignments/assign1
Command: ./search "Tom Hanks"
MISMATCH:  Submission output does not match sample
Sample output:  
Usage: /afs/ir/class/archive/cs/cs110/cs110.1216/samples/assign1/search_soln <source-actor> <target-actor> [<max-path-length>] 
Your output:    Usage: ./search <source-actor> <target-actor> [<max-path-length>]

This project passes 6 of the 7 custom test cases read from file 'custom_tests.txt'.

lmarroq@myth65:~/private/cs110/assignments/assign1$ client_loop: send disconnect: Broken pipe
users-MacBook-Pro:~ Leslie$ clear

users-MacBook-Pro:~ Leslie$ curl ifconfig.co
2600:6c56:5808:229a:57f:1be0:633b:ec10
users-MacBook-Pro:~ Leslie$ cd Documents
users-MacBook-Pro:Documents Leslie$ ls
Arduino				Instruments.trace		MiniCast.nhsx			WebEx
CS109				MATLAB				Minicast_MarroquinAnais_V1.mp3	Zoom
CS142				MiniCast Files			Minicast_Marroquin_FINAL.mp3
users-MacBook-Pro:Documents Leslie$ mkdir CS197
users-MacBook-Pro:Documents Leslie$ cd CS197
users-MacBook-Pro:CS197 Leslie$ whois 2600:6c56:5808:229a:57f:1be0:633b:ec10 | tee local/whois.txt
tee: local/whois.txt: No such file or directory
% IANA WHOIS server
% for more information on IANA, visit http://www.iana.org
% This query returned 1 object

inet6num:     2600:0:0:0:0:0:0:0/12
organisation: ARIN
status:       ALLOCATED

whois:        whois.arin.net

changed:      2006-10-03
source:       IANA

# whois.arin.net

NetRange:       2600:6C00:: - 2600:6CFF:FFFF:FFFF:FFFF:FFFF:FFFF:FFFF
CIDR:           2600:6C00::/24
NetName:        CHTR-V6
NetHandle:      NET6-2600-6C00-1
Parent:         NET6-2600 (NET6-2600-1)
NetType:        Direct Allocation
OriginAS:       AS20115
Organization:   Charter Communications (CC04)
RegDate:        2012-04-16
Updated:        2012-07-03
Ref:            https://rdap.arin.net/registry/ip/2600:6C00::



OrgName:        Charter Communications
OrgId:          CC04
Address:        6399 S Fiddlers Green Circle
City:           Greenwood Village
StateProv:      CO
PostalCode:     80111
Country:        US
RegDate:        
Updated:        2021-03-31
Ref:            https://rdap.arin.net/registry/entity/CC04


OrgAbuseHandle: IPADD1-ARIN
OrgAbuseName:   IPAddressing
OrgAbusePhone:  +1-720-536-1278 
OrgAbuseEmail:  ipaddressing@chartercom.com
OrgAbuseRef:    https://rdap.arin.net/registry/entity/IPADD1-ARIN

OrgTechHandle: IPADD1-ARIN
OrgTechName:   IPAddressing
OrgTechPhone:  +1-720-536-1278 
OrgTechEmail:  ipaddressing@chartercom.com
OrgTechRef:    https://rdap.arin.net/registry/entity/IPADD1-ARIN

RAbuseHandle: ABUSE19-ARIN
RAbuseName:   Abuse
RAbusePhone:  +1-855-222-7342 
RAbuseEmail:  abuse@charter.net
RAbuseRef:    https://rdap.arin.net/registry/entity/ABUSE19-ARIN

RTechHandle: IPADD1-ARIN
RTechName:   IPAddressing
RTechPhone:  +1-720-536-1278 
RTechEmail:  ipaddressing@chartercom.com
RTechRef:    https://rdap.arin.net/registry/entity/IPADD1-ARIN

RNOCHandle: NNOC16-ARIN
RNOCName:   National Network Operations Center
RNOCPhone:  +1-314-288-3111 
RNOCEmail:  dlnocip@chartercom.com
RNOCRef:    https://rdap.arin.net/registry/entity/NNOC16-ARIN


users-MacBook-Pro:CS197 Leslie$ whois 2600:6c56:5808:229a:57f:1be0:633b:ec10 | tee whois.txt
% IANA WHOIS server
% for more information on IANA, visit http://www.iana.org
% This query returned 1 object

inet6num:     2600:0:0:0:0:0:0:0/12
organisation: ARIN
status:       ALLOCATED

whois:        whois.arin.net

changed:      2006-10-03
source:       IANA

# whois.arin.net

NetRange:       2600:6C00:: - 2600:6CFF:FFFF:FFFF:FFFF:FFFF:FFFF:FFFF
CIDR:           2600:6C00::/24
NetName:        CHTR-V6
NetHandle:      NET6-2600-6C00-1
Parent:         NET6-2600 (NET6-2600-1)
NetType:        Direct Allocation
OriginAS:       AS20115
Organization:   Charter Communications (CC04)
RegDate:        2012-04-16
Updated:        2012-07-03
Ref:            https://rdap.arin.net/registry/ip/2600:6C00::



OrgName:        Charter Communications
OrgId:          CC04
Address:        6399 S Fiddlers Green Circle
City:           Greenwood Village
StateProv:      CO
PostalCode:     80111
Country:        US
RegDate:        
Updated:        2021-03-31
Ref:            https://rdap.arin.net/registry/entity/CC04


OrgAbuseHandle: IPADD1-ARIN
OrgAbuseName:   IPAddressing
OrgAbusePhone:  +1-720-536-1278 
OrgAbuseEmail:  ipaddressing@chartercom.com
OrgAbuseRef:    https://rdap.arin.net/registry/entity/IPADD1-ARIN

OrgTechHandle: IPADD1-ARIN
OrgTechName:   IPAddressing
OrgTechPhone:  +1-720-536-1278 
OrgTechEmail:  ipaddressing@chartercom.com
OrgTechRef:    https://rdap.arin.net/registry/entity/IPADD1-ARIN

RAbuseHandle: ABUSE19-ARIN
RAbuseName:   Abuse
RAbusePhone:  +1-855-222-7342 
RAbuseEmail:  abuse@charter.net
RAbuseRef:    https://rdap.arin.net/registry/entity/ABUSE19-ARIN

RTechHandle: IPADD1-ARIN
RTechName:   IPAddressing
RTechPhone:  +1-720-536-1278 
RTechEmail:  ipaddressing@chartercom.com
RTechRef:    https://rdap.arin.net/registry/entity/IPADD1-ARIN

RNOCHandle: NNOC16-ARIN
RNOCName:   National Network Operations Center
RNOCPhone:  +1-314-288-3111 
RNOCEmail:  dlnocip@chartercom.com
RNOCRef:    https://rdap.arin.net/registry/entity/NNOC16-ARIN


users-MacBook-Pro:CS197 Leslie$ ls
whois.txt
users-MacBook-Pro:CS197 Leslie$ whois `curl ifconfig.co` | tee cloud/whois.txt
tee: cloud/whois.txt: No such file or directory
  % Total    % Received % Xferd  Average Speed   Time    Time     Time  Current
                                 Dload  Upload   Total   Spent    Left  Speed
100    39  100    39    0     0      4      0  0:00:09  0:00:07  0:00:02     8
% IANA WHOIS server
% for more information on IANA, visit http://www.iana.org
% This query returned 1 object

inet6num:     2600:0:0:0:0:0:0:0/12
organisation: ARIN
status:       ALLOCATED

whois:        whois.arin.net

changed:      2006-10-03
source:       IANA

# whois.arin.net

NetRange:       2600:6C00:: - 2600:6CFF:FFFF:FFFF:FFFF:FFFF:FFFF:FFFF
CIDR:           2600:6C00::/24
NetName:        CHTR-V6
NetHandle:      NET6-2600-6C00-1
Parent:         NET6-2600 (NET6-2600-1)
NetType:        Direct Allocation
OriginAS:       AS20115
Organization:   Charter Communications (CC04)
RegDate:        2012-04-16
Updated:        2012-07-03
Ref:            https://rdap.arin.net/registry/ip/2600:6C00::



OrgName:        Charter Communications
OrgId:          CC04
Address:        6399 S Fiddlers Green Circle
City:           Greenwood Village
StateProv:      CO
PostalCode:     80111
Country:        US
RegDate:        
Updated:        2021-03-31
Ref:            https://rdap.arin.net/registry/entity/CC04


OrgTechHandle: IPADD1-ARIN
OrgTechName:   IPAddressing
OrgTechPhone:  +1-720-536-1278 
OrgTechEmail:  ipaddressing@chartercom.com
OrgTechRef:    https://rdap.arin.net/registry/entity/IPADD1-ARIN

OrgAbuseHandle: IPADD1-ARIN
OrgAbuseName:   IPAddressing
OrgAbusePhone:  +1-720-536-1278 
OrgAbuseEmail:  ipaddressing@chartercom.com
OrgAbuseRef:    https://rdap.arin.net/registry/entity/IPADD1-ARIN

RNOCHandle: NNOC16-ARIN
RNOCName:   National Network Operations Center
RNOCPhone:  +1-314-288-3111 
RNOCEmail:  dlnocip@chartercom.com
RNOCRef:    https://rdap.arin.net/registry/entity/NNOC16-ARIN

RAbuseHandle: ABUSE19-ARIN
RAbuseName:   Abuse
RAbusePhone:  +1-855-222-7342 
RAbuseEmail:  abuse@charter.net
RAbuseRef:    https://rdap.arin.net/registry/entity/ABUSE19-ARIN

RTechHandle: IPADD1-ARIN
RTechName:   IPAddressing
RTechPhone:  +1-720-536-1278 
RTechEmail:  ipaddressing@chartercom.com
RTechRef:    https://rdap.arin.net/registry/entity/IPADD1-ARIN


users-MacBook-Pro:CS197 Leslie$ whois `curl ifconfig.co` | tee cloudWhois.txt
  % Total    % Received % Xferd  Average Speed   Time    Time     Time  Current
                                 Dload  Upload   Total   Spent    Left  Speed
100    39  100    39    0     0     67      0 --:--:-- --:--:-- --:--:--    67
% IANA WHOIS server
% for more information on IANA, visit http://www.iana.org
% This query returned 1 object

inet6num:     2600:0:0:0:0:0:0:0/12
organisation: ARIN
status:       ALLOCATED

whois:        whois.arin.net

changed:      2006-10-03
source:       IANA

# whois.arin.net

NetRange:       2600:6C00:: - 2600:6CFF:FFFF:FFFF:FFFF:FFFF:FFFF:FFFF
CIDR:           2600:6C00::/24
NetName:        CHTR-V6
NetHandle:      NET6-2600-6C00-1
Parent:         NET6-2600 (NET6-2600-1)
NetType:        Direct Allocation
OriginAS:       AS20115
Organization:   Charter Communications (CC04)
RegDate:        2012-04-16
Updated:        2012-07-03
Ref:            https://rdap.arin.net/registry/ip/2600:6C00::



OrgName:        Charter Communications
OrgId:          CC04
Address:        6399 S Fiddlers Green Circle
City:           Greenwood Village
StateProv:      CO
PostalCode:     80111
Country:        US
RegDate:        
Updated:        2021-03-31
Ref:            https://rdap.arin.net/registry/entity/CC04


OrgAbuseHandle: IPADD1-ARIN
OrgAbuseName:   IPAddressing
OrgAbusePhone:  +1-720-536-1278 
OrgAbuseEmail:  ipaddressing@chartercom.com
OrgAbuseRef:    https://rdap.arin.net/registry/entity/IPADD1-ARIN

OrgTechHandle: IPADD1-ARIN
OrgTechName:   IPAddressing
OrgTechPhone:  +1-720-536-1278 
OrgTechEmail:  ipaddressing@chartercom.com
OrgTechRef:    https://rdap.arin.net/registry/entity/IPADD1-ARIN

RAbuseHandle: ABUSE19-ARIN
RAbuseName:   Abuse
RAbusePhone:  +1-855-222-7342 
RAbuseEmail:  abuse@charter.net
RAbuseRef:    https://rdap.arin.net/registry/entity/ABUSE19-ARIN

RNOCHandle: NNOC16-ARIN
RNOCName:   National Network Operations Center
RNOCPhone:  +1-314-288-3111 
RNOCEmail:  dlnocip@chartercom.com
RNOCRef:    https://rdap.arin.net/registry/entity/NNOC16-ARIN

RTechHandle: IPADD1-ARIN
RTechName:   IPAddressing
RTechPhone:  +1-720-536-1278 
RTechEmail:  ipaddressing@chartercom.com
RTechRef:    https://rdap.arin.net/registry/entity/IPADD1-ARIN


users-MacBook-Pro:CS197 Leslie$ ls
cloudWhois.txt	whois.txt
users-MacBook-Pro:CS197 Leslie$ mkdir cloud
users-MacBook-Pro:CS197 Leslie$ mkdir local
users-MacBook-Pro:CS197 Leslie$ ls
cloud		cloudWhois.txt	local		whois.txt
users-MacBook-Pro:CS197 Leslie$ mv whois.txt ./local
users-MacBook-Pro:CS197 Leslie$ ls
cloud		cloudWhois.txt	local
users-MacBook-Pro:CS197 Leslie$ mv cloudWhois.txt ./whois.txt
users-MacBook-Pro:CS197 Leslie$ ls
cloud		local		whois.txt
users-MacBook-Pro:CS197 Leslie$ mv whois.txt ./local
users-MacBook-Pro:CS197 Leslie$ ls
cloud	local
users-MacBook-Pro:CS197 Leslie$ $ traceroute -a 8.8.8.8 | tee local/traceroute_8.8.8.8.txt
-bash: $: command not found
users-MacBook-Pro:CS197 Leslie$ $ traceroute 8.8.8.8 | tee local/traceroute_8.8.8.8.txt
-bash: $: command not found
users-MacBook-Pro:CS197 Leslie$ traceroute -a 8.8.8.8 | tee local/traceroute_8.8.8.8.txt
traceroute to 8.8.8.8 (8.8.8.8), 64 hops max, 52 byte packets
 1  [AS0] 192.168.1.1 (192.168.1.1)  3.458 ms  1.792 ms  4.939 ms
 2  * * *
 3  [AS20115] 096-034-115-016.biz.spectrum.com (96.34.115.16)  94.902 ms  23.328 ms  17.525 ms
 4  [AS20115] dtr01kllrtx-tge-0-1-0-1.kllr.tx.charter.com (96.34.113.151)  19.522 ms
    [AS20115] dtr01kllrtx-tge-0-2-0-2.kllr.tx.charter.com (96.34.112.117)  28.090 ms
    [AS20115] dtr01kllrtx-tge-0-1-0-1.kllr.tx.charter.com (96.34.113.151)  17.068 ms
 5  [AS20115] bbr01dllstx-bue-2.dlls.tx.charter.com (96.34.2.32)  34.930 ms  29.336 ms
    [AS20115] bbr02dllstx-bue-1.dlls.tx.charter.com (96.34.2.34)  50.575 ms
 6  [AS20115] prr01dllstx-bue-3.dlls.tx.charter.com (96.34.3.69)  18.102 ms  25.378 ms
    [AS20115] prr01dllstx-bue-2.dlls.tx.charter.com (96.34.3.71)  21.607 ms
 7  [AS15169] 72.14.222.44 (72.14.222.44)  20.416 ms  20.052 ms  27.184 ms
 8  [AS15169] 108.170.252.161 (108.170.252.161)  25.801 ms
    [AS15169] 108.170.252.129 (108.170.252.129)  18.014 ms  22.811 ms
 9  [AS15169] 108.170.230.115 (108.170.230.115)  25.842 ms
    [AS15169] 209.85.242.183 (209.85.242.183)  20.384 ms
    [AS15169] 108.170.230.113 (108.170.230.113)  17.976 ms
10  [AS15169] dns.google (8.8.8.8)  15.166 ms  17.003 ms  19.827 ms
users-MacBook-Pro:CS197 Leslie$ cd local
users-MacBook-Pro:local Leslie$ ls
traceroute_8.8.8.8.txt	whois.txt
users-MacBook-Pro:local Leslie$ cd ..
users-MacBook-Pro:CS197 Leslie$ traceroute -a www.ru.ac.za | tee local/traceroute_www.ru.ac.za.txt
traceroute to vhost.ru.ac.za (146.231.128.43), 64 hops max, 52 byte packets
 1  [AS0] 192.168.1.1 (192.168.1.1)  9.861 ms  3.387 ms  2.130 ms
 2  * * *
 3  [AS20115] 096-034-115-016.biz.spectrum.com (96.34.115.16)  14.192 ms  17.327 ms  15.531 ms
 4  [AS20115] dtr01kllrtx-tge-0-1-0-1.kllr.tx.charter.com (96.34.113.151)  31.473 ms
    [AS20115] dtr01kllrtx-tge-0-2-0-2.kllr.tx.charter.com (96.34.112.117)  25.582 ms  18.350 ms
 5  [AS20115] bbr02dllstx-bue-1.dlls.tx.charter.com (96.34.2.34)  29.617 ms
    [AS20115] bbr01dllstx-bue-2.dlls.tx.charter.com (96.34.2.32)  24.011 ms
    [AS20115] bbr02dllstx-bue-1.dlls.tx.charter.com (96.34.2.34)  25.864 ms
 6  [AS20115] prr02dllstx-bue-2.dlls.tx.charter.com (96.34.3.91)  15.469 ms  15.782 ms  14.003 ms
 7  [AS3356] lag-5.ear4.dallas1.level3.net (4.68.110.45)  37.475 ms  45.090 ms  27.601 ms
 8  * * *
 9  [AS3356] workonline.ear2.london1.level3.net (212.187.165.246)  501.536 ms  307.571 ms  568.315 ms
10  [AS37271] 41.78.188.224 (41.78.188.224)  354.477 ms
    [AS37271] cr2-gwf-et44.wolcomm.net (41.78.188.196)  298.454 ms
    [AS37271] cr2-gwf-et46.wolcomm.net (41.78.188.14)  286.594 ms
11  [AS37271] cr1-gwf-et47.wolcomm.net (41.78.188.62)  294.218 ms  300.314 ms  315.620 ms
12  [AS37271] 41.78.188.8 (41.78.188.8)  288.212 ms  285.633 ms  329.696 ms
13  * * *
14  [AS6421] strubencore-strubenedge.net.ru.ac.za (192.42.99.247)  340.452 ms  623.474 ms  611.568 ms
15  [AS5713] datacentres-1-strubencore.net.ru.ac.za (146.231.0.39)  607.152 ms  501.943 ms  419.068 ms
16  [AS6421] vhost.ru.ac.za (146.231.128.43)  614.504 ms  304.948 ms  575.725 ms
users-MacBook-Pro:CS197 Leslie$ traceroute -a 34.87.216.199 | tee local/traceroute_vm.txt
traceroute to 34.87.216.199 (34.87.216.199), 64 hops max, 52 byte packets
 1  [AS0] 192.168.1.1 (192.168.1.1)  3.095 ms  2.182 ms  2.285 ms
 2  * * *
 3  [AS20115] 096-034-115-016.biz.spectrum.com (96.34.115.16)  25.594 ms  17.028 ms  13.619 ms
 4  [AS20115] dtr01kllrtx-tge-0-1-0-1.kllr.tx.charter.com (96.34.113.151)  15.832 ms
    [AS20115] dtr01kllrtx-tge-0-2-0-2.kllr.tx.charter.com (96.34.112.117)  27.744 ms
    [AS20115] dtr01kllrtx-tge-0-1-0-1.kllr.tx.charter.com (96.34.113.151)  27.759 ms
 5  [AS20115] bbr02dllstx-bue-1.dlls.tx.charter.com (96.34.2.34)  33.129 ms  26.638 ms  15.937 ms
 6  [AS20115] prr01dllstx-bue-3.dlls.tx.charter.com (96.34.3.69)  15.897 ms
    [AS20115] prr01dllstx-bue-2.dlls.tx.charter.com (96.34.3.71)  16.120 ms
    [AS20115] prr01dllstx-bue-3.dlls.tx.charter.com (96.34.3.69)  23.418 ms
 7  [AS15169] 72.14.222.44 (72.14.222.44)  27.166 ms  17.380 ms  25.927 ms
 8  [AS15169] 108.170.230.112 (108.170.230.112)  22.697 ms
    [AS15169] 108.170.230.116 (108.170.230.116)  28.978 ms
    [AS15169] 209.85.244.84 (209.85.244.84)  16.410 ms
 9  [AS15169] 108.170.240.210 (108.170.240.210)  39.247 ms
    [AS15169] 108.170.240.146 (108.170.240.146)  28.920 ms
    [AS15169] 108.170.252.130 (108.170.252.130)  14.814 ms
10  [AS15169] 216.239.63.251 (216.239.63.251)  15.589 ms * *
11  [AS15169] 108.170.231.153 (108.170.231.153)  58.432 ms  49.739 ms
    [AS15169] 209.85.251.137 (209.85.251.137)  55.425 ms
12  [AS15169] 142.250.63.91 (142.250.63.91)  192.920 ms
    [AS15169] 216.239.50.173 (216.239.50.173)  224.017 ms
    [AS15169] 108.170.230.181 (108.170.230.181)  588.886 ms
13  [AS15169] 142.250.36.50 (142.250.36.50)  189.016 ms
    [AS15169] 142.250.36.34 (142.250.36.34)  220.997 ms
    [AS15169] 142.250.36.18 (142.250.36.18)  192.126 ms
14  [AS15169] 216.239.42.174 (216.239.42.174)  186.858 ms
    [AS15169] 142.250.57.200 (142.250.57.200)  281.675 ms
    [AS15169] 142.250.57.164 (142.250.57.164)  188.351 ms
15  * * *
16  * * *
17  * * *
18  * * *
19  * * *
20  * * *
21  * * *
22  * * *
23  * * *
24  * * *
25  * * *
26  * * *
27  * * *
28  * * *
29  * * *
30  * * *
31  * * *
32  * * *
33  * * *
34  * * *
35  * * *
36  * * *
37  * * *
38  * * *
39  * * *
40  * * *
41  * * *
42  * * *
43  * * *
44  * * *
45  * * *
46  * * *
47  * * *
48  * * *
49  * * *
50  * * *
51  * * *
52  * * *
53  * * *
54  * * *
55  * * *
56  * * *
57  * * *
58  * * *
59  * * *
60  * * *
61  * * *
62  * * *
63  * * *
64  * * *
users-MacBook-Pro:CS197 Leslie$ curl ifconfig.co
2600:6c56:5808:229a:57f:1be0:633b:ec10
users-MacBook-Pro:CS197 Leslie$ ping -t 60 8.8.8.8 | tee local/ping_8.8.8.8.txt
PING 8.8.8.8 (8.8.8.8): 56 data bytes
64 bytes from 8.8.8.8: icmp_seq=0 ttl=116 time=20.841 ms
64 bytes from 8.8.8.8: icmp_seq=1 ttl=116 time=28.227 ms
64 bytes from 8.8.8.8: icmp_seq=2 ttl=116 time=22.394 ms
64 bytes from 8.8.8.8: icmp_seq=3 ttl=116 time=35.641 ms
64 bytes from 8.8.8.8: icmp_seq=4 ttl=116 time=18.734 ms
64 bytes from 8.8.8.8: icmp_seq=5 ttl=116 time=14.013 ms
64 bytes from 8.8.8.8: icmp_seq=6 ttl=116 time=18.001 ms
64 bytes from 8.8.8.8: icmp_seq=7 ttl=116 time=17.940 ms
64 bytes from 8.8.8.8: icmp_seq=8 ttl=116 time=38.800 ms
64 bytes from 8.8.8.8: icmp_seq=9 ttl=116 time=20.495 ms
64 bytes from 8.8.8.8: icmp_seq=10 ttl=116 time=28.279 ms
64 bytes from 8.8.8.8: icmp_seq=11 ttl=116 time=14.897 ms
64 bytes from 8.8.8.8: icmp_seq=12 ttl=116 time=26.171 ms
64 bytes from 8.8.8.8: icmp_seq=13 ttl=116 time=29.346 ms
64 bytes from 8.8.8.8: icmp_seq=14 ttl=116 time=26.578 ms
64 bytes from 8.8.8.8: icmp_seq=15 ttl=116 time=19.664 ms
64 bytes from 8.8.8.8: icmp_seq=16 ttl=116 time=30.051 ms
64 bytes from 8.8.8.8: icmp_seq=17 ttl=116 time=140.704 ms
64 bytes from 8.8.8.8: icmp_seq=18 ttl=116 time=257.538 ms
64 bytes from 8.8.8.8: icmp_seq=19 ttl=116 time=509.704 ms
64 bytes from 8.8.8.8: icmp_seq=20 ttl=116 time=867.847 ms
64 bytes from 8.8.8.8: icmp_seq=21 ttl=116 time=665.618 ms
64 bytes from 8.8.8.8: icmp_seq=22 ttl=116 time=310.862 ms
64 bytes from 8.8.8.8: icmp_seq=23 ttl=116 time=523.773 ms
64 bytes from 8.8.8.8: icmp_seq=24 ttl=116 time=584.274 ms
64 bytes from 8.8.8.8: icmp_seq=25 ttl=116 time=629.846 ms
64 bytes from 8.8.8.8: icmp_seq=26 ttl=116 time=612.899 ms
Request timeout for icmp_seq 27
Request timeout for icmp_seq 28
64 bytes from 8.8.8.8: icmp_seq=29 ttl=116 time=516.050 ms
64 bytes from 8.8.8.8: icmp_seq=30 ttl=116 time=15.763 ms
64 bytes from 8.8.8.8: icmp_seq=31 ttl=116 time=17.738 ms
64 bytes from 8.8.8.8: icmp_seq=32 ttl=116 time=332.908 ms
64 bytes from 8.8.8.8: icmp_seq=33 ttl=116 time=244.907 ms
64 bytes from 8.8.8.8: icmp_seq=34 ttl=116 time=325.351 ms
64 bytes from 8.8.8.8: icmp_seq=35 ttl=116 time=386.572 ms
64 bytes from 8.8.8.8: icmp_seq=36 ttl=116 time=385.028 ms
64 bytes from 8.8.8.8: icmp_seq=37 ttl=116 time=448.053 ms
64 bytes from 8.8.8.8: icmp_seq=38 ttl=116 time=435.187 ms
64 bytes from 8.8.8.8: icmp_seq=39 ttl=116 time=461.342 ms
64 bytes from 8.8.8.8: icmp_seq=40 ttl=116 time=404.929 ms
64 bytes from 8.8.8.8: icmp_seq=41 ttl=116 time=369.863 ms
64 bytes from 8.8.8.8: icmp_seq=42 ttl=116 time=317.015 ms
64 bytes from 8.8.8.8: icmp_seq=43 ttl=116 time=427.319 ms
64 bytes from 8.8.8.8: icmp_seq=44 ttl=116 time=360.589 ms
64 bytes from 8.8.8.8: icmp_seq=45 ttl=116 time=402.259 ms
64 bytes from 8.8.8.8: icmp_seq=46 ttl=116 time=376.326 ms
64 bytes from 8.8.8.8: icmp_seq=47 ttl=116 time=345.286 ms
64 bytes from 8.8.8.8: icmp_seq=48 ttl=116 time=16.082 ms
64 bytes from 8.8.8.8: icmp_seq=49 ttl=116 time=39.913 ms
64 bytes from 8.8.8.8: icmp_seq=50 ttl=116 time=16.418 ms
64 bytes from 8.8.8.8: icmp_seq=51 ttl=116 time=21.108 ms
64 bytes from 8.8.8.8: icmp_seq=52 ttl=116 time=31.775 ms
64 bytes from 8.8.8.8: icmp_seq=53 ttl=116 time=26.876 ms
64 bytes from 8.8.8.8: icmp_seq=54 ttl=116 time=52.375 ms
64 bytes from 8.8.8.8: icmp_seq=55 ttl=116 time=24.512 ms
64 bytes from 8.8.8.8: icmp_seq=56 ttl=116 time=13.805 ms
64 bytes from 8.8.8.8: icmp_seq=57 ttl=116 time=16.539 ms
64 bytes from 8.8.8.8: icmp_seq=58 ttl=116 time=18.792 ms
64 bytes from 8.8.8.8: icmp_seq=59 ttl=116 time=16.184 ms

--- 8.8.8.8 ping statistics ---
60 packets transmitted, 58 packets received, 3.3% packet loss
round-trip min/avg/max/stddev = 13.805/213.448/867.847/226.840 ms
users-MacBook-Pro:CS197 Leslie$ cd local
users-MacBook-Pro:local Leslie$ ls
ping_8.8.8.8.txt		traceroute_vm.txt		whois.txt
traceroute_8.8.8.8.txt		traceroute_www.ru.ac.za.txt
users-MacBook-Pro:local Leslie$ emacs speedtest.txt
-bash: emacs: command not found
users-MacBook-Pro:local Leslie$ vim speedtest.txt

Result ID: 11223432472
Ping: 22 ms
Download: 71.25 Mbps
Upload: 8.13 Mbps
Multi Connections
Sparklight: Dallas, TX
Spectrum: 47.24.59.199
~                                                                                                                                 
~                                                                                                                                 
~                                                                                                                                 
~                                                                                                                                 
~                                                                                                                                 
~                                                                                                                                 
~                                                                                                                                 
~                                                                                                                                 
~                                                                                                                                 
~                                                                                                                                 
~                                                                                                                                 
~                                                                                                                                 
~                                                                                                                                 
~                                                                                                                                 
~                                                                                                                                 
~                                                                                                                                 
~                                                                                                                                 
~                                                                                                                                 
~                                                                                                                                 
~                                                                                                                                 
~                                                                                                                                 
~                                                                                                                                 
~                                                                                                                                 
~                                                                                                                                 
~                                                                                                                                 
~                                                                                                                                 
~                                                                                                                                 
~                                                                                                                                 
~                                                                                                                                 
~                                                                                                                                 
~                                                                                                                                 
~                                                                                                                                 
~                                                                                                                                 
~                                                                                                                                 
~                                                                                                                                 
~                                                                                                                                 
~                                                                                                                                 
~                                                                                                                                 
~                                                                                                                                 
~                                                                                                                                 
~                                                                                                                                 
~                                                                                                                                 
~                                                                                                                                 
~                                                                                                                                 
~                                                                                                                                 
~                                                                                                                                 
~                                                                                                                                 

